MPI startup(): Warning: I_MPI_PMI_LIBRARY will be ignored since the hydra process manager was found
MPI startup(): Warning: I_MPI_PMI_LIBRARY will be ignored since the hydra process manager was found
MPI startup(): Warning: I_MPI_PMI_LIBRARY will be ignored since the hydra process manager was found
MPI startup(): Warning: I_MPI_PMI_LIBRARY will be ignored since the hydra process manager was found
MPI startup(): Warning: I_MPI_PMI_LIBRARY will be ignored since the hydra process manager was found
MPI startup(): Warning: I_MPI_PMI_LIBRARY will be ignored since the hydra process manager was found
MPI startup(): Warning: I_MPI_PMI_LIBRARY will be ignored since the hydra process manager was found
MPI startup(): Warning: I_MPI_PMI_LIBRARY will be ignored since the hydra process manager was found
MPI startup(): Warning: I_MPI_PMI_LIBRARY will be ignored since the hydra process manager was found
MPI startup(): Warning: I_MPI_PMI_LIBRARY will be ignored since the hydra process manager was found
MPI startup(): Warning: I_MPI_PMI_LIBRARY will be ignored since the hydra process manager was found
MPI startup(): Warning: I_MPI_PMI_LIBRARY will be ignored since the hydra process manager was found

     Program PHONON v.6.8 starts on 27Sep2025 at 16:56:45 

     This program is part of the open-source Quantum ESPRESSO suite
     for quantum simulation of materials; please cite
         "P. Giannozzi et al., J. Phys.:Condens. Matter 21 395502 (2009);
         "P. Giannozzi et al., J. Phys.:Condens. Matter 29 465901 (2017);
         "P. Giannozzi et al., J. Chem. Phys. 152 154105 (2020);
          URL http://www.quantum-espresso.org", 
     in publications or presentations arising from this work. More details at
     http://www.quantum-espresso.org/quote

     Parallel version (MPI & OpenMP), running on      12 processor cores
     Number of MPI processes:                12
     Threads/MPI process:                     1

     MPI processes distributed on     1 nodes
     R & G space division:  proc/nbgrp/npool/nimage =      12
     168908 MiB available memory on the printing compute node when the environment starts
 
     Reading input from x0.000y0.000s0.980.ph.in

     Reading xml data from directory:

     /tmp/x0.000y0.000s0.980/x0.000y0.000s0.980.save/

     IMPORTANT: XC functional enforced from input :
     Exchange-correlation= PZ
                           (   1   1   0   0   0   0   0)
     Any further DFT definition will be discarded
     Please, verify this is what you really want

 
     Parallelization info
     --------------------
     sticks:   dense  smooth     PW     G-vecs:    dense   smooth      PW
     Min          89      39     12                14633     4323     722
     Max          90      40     13                14664     4348     737
     Sum        1069     475    151               175697    52045    8747
 
     Using Slab Decomposition
 
 ----2D----2D----2D----2D----2D----2D----2D----2D----2D----2D----2D----2D
  The code is running with the 2D cutoff
  Please refer to:
  Sohier, T., Calandra, M., & Mauri, F. (2017), 
  Density functional perturbation theory for gated two-dimensional heterostructu
 res:
  Theoretical developments and application to flexural phonons in graphene.
  Physical Review B, 96(7), 75448. https://doi.org/10.1103/PhysRevB.96.075448
 ----2D----2D----2D----2D----2D----2D----2D----2D----2D----2D----2D----2D
     Reading collected, re-writing distributed wavefunctions

     Calculation of q =    0.0000000   0.0000000   0.0000000

     Dielectric properties of x0.000y0.000s0.980 alloy at Gamma                 

     bravais-lattice index     =            0
     lattice parameter (alat)  =       5.9008  a.u.
     unit-cell volume          =    1090.6867 (a.u.)^3
     number of atoms/cell      =            3
     number of atomic types    =            2
     kinetic-energy cut-off    =      50.0000  Ry
     charge density cut-off    =     450.0000  Ry
     convergence threshold     =      1.0E-15
     beta                      =       0.4000
     number of iterations used =            4
     Exchange-correlation= PZ
                           (   1   1   0   0   0   0   0)


     celldm(1)=    5.90082  celldm(2)=    0.00000  celldm(3)=    0.00000
     celldm(4)=    0.00000  celldm(5)=    0.00000  celldm(6)=    0.00000

     crystal axes: (cart. coord. in units of alat)
               a(1) = (  1.0000  0.0000  0.0000 )  
               a(2) = ( -0.5000  0.8660  0.0000 )  
               a(3) = (  0.0000  0.0000  6.1296 )  

     reciprocal axes: (cart. coord. in units 2 pi/alat)
               b(1) = (  1.0000  0.5774  0.0000 )  
               b(2) = (  0.0000  1.1547  0.0000 )  
               b(3) = (  0.0000  0.0000  0.1631 )  


     Atoms inside the unit cell: 

     Cartesian axes

     site n.  atom      mass           positions (alat units)
        1     Mo  95.9500   tau(    1) = (    0.00000    0.00000    3.06480  )
        2     S   32.0600   tau(    2) = (    0.50000    0.28868    3.57476  )
        3     S   32.0600   tau(    3) = (    0.50000    0.28868    2.55485  )

     Computing dynamical matrix for 
                    q = (   0.0000000   0.0000000   0.0000000 )
 
     13 Sym.Ops. (with q -> -q+G )


     G cutoff =  396.8967  (  14633 G-vectors)     FFT grid: ( 40, 40,250)
     G cutoff =  176.3985  (   4346 G-vectors)  smooth grid: ( 27, 27,180)
     number of k points=    19
                       cart. coord. in units 2pi/alat
        k(    1) = (   0.0000000   0.0000000   0.0000000), wk =   0.0138889
        k(    2) = (   0.0000000   0.0962250   0.0000000), wk =   0.0833333
        k(    3) = (   0.0000000   0.1924501   0.0000000), wk =   0.0833333
        k(    4) = (   0.0000000   0.2886751   0.0000000), wk =   0.0833333
        k(    5) = (   0.0000000   0.3849002   0.0000000), wk =   0.0833333
        k(    6) = (   0.0000000   0.4811252   0.0000000), wk =   0.0833333
        k(    7) = (   0.0000000  -0.5773503   0.0000000), wk =   0.0416667
        k(    8) = (   0.0833333   0.1443376   0.0000000), wk =   0.0833333
        k(    9) = (   0.0833333   0.2405626   0.0000000), wk =   0.1666667
        k(   10) = (   0.0833333   0.3367877   0.0000000), wk =   0.1666667
        k(   11) = (   0.0833333   0.4330127   0.0000000), wk =   0.1666667
        k(   12) = (   0.0833333   0.5292377   0.0000000), wk =   0.1666667
        k(   13) = (   0.1666667   0.2886751   0.0000000), wk =   0.0833333
        k(   14) = (   0.1666667   0.3849002   0.0000000), wk =   0.1666667
        k(   15) = (   0.1666667   0.4811252   0.0000000), wk =   0.1666667
        k(   16) = (   0.1666667   0.5773503   0.0000000), wk =   0.0833333
        k(   17) = (   0.2500000   0.4330127   0.0000000), wk =   0.0833333
        k(   18) = (   0.2500000   0.5292377   0.0000000), wk =   0.1666667
        k(   19) = (   0.3333333   0.5773503   0.0000000), wk =   0.0277778

     PseudoPot. # 1 for Mo read from file:
     /home/theory/phrrpq/sg15_oncv_upf_2020-02-06/Mo_ONCV_PBE-1.2.upf
     MD5 check sum: 2665c9f4159700498d9a5f7573bd8e9f
     Pseudo is Norm-conserving, Zval = 14.0
     Generated using ONCVPSP code by D. R. Hamann
     Using radial grid of  602 points,  6 beta functions with: 
                l(1) =   0
                l(2) =   0
                l(3) =   1
                l(4) =   1
                l(5) =   2
                l(6) =   2

     PseudoPot. # 2 for S  read from file:
     /home/theory/phrrpq/sg15_oncv_upf_2020-02-06/S_ONCV_PBE-1.2.upf
     MD5 check sum: f9d020296ee6110346977bfd66d424f6
     Pseudo is Norm-conserving, Zval =  6.0
     Generated using ONCVPSP code by D. R. Hamann
     Using radial grid of  602 points,  4 beta functions with: 
                l(1) =   0
                l(2) =   0
                l(3) =   1
                l(4) =   1

     Mode symmetry, D_3h (-62m) point group:


     Electric field:
     Dielectric constant
     Born effective charges as d Force / d E
     Raman tensor
     Electro-optic tensor


     Atomic displacements:
     There are    6 irreducible representations

     Representation     1      1 modes -  To be done

     Representation     2      2 modes -  To be done

     Representation     3      2 modes -  To be done

     Representation     4      1 modes -  To be done

     Representation     5      1 modes -  To be done

     Representation     6      2 modes -  To be done



     Alpha used in Ewald sum =   2.8000
     PHONON       :      0.40s CPU      0.51s WALL


     Electric Fields Calculation

      iter #   1 total cpu time :     7.7 secs   av.it.:  10.6
      thresh= 1.000E-02 alpha_mix =  0.400 |ddv_scf|^2 =  1.229E-03

      iter #   2 total cpu time :    10.0 secs   av.it.:  11.5
      thresh= 3.505E-03 alpha_mix =  0.400 |ddv_scf|^2 =  1.581E-02

      iter #   3 total cpu time :    11.5 secs   av.it.:   6.1
      thresh= 1.000E-02 alpha_mix =  0.400 |ddv_scf|^2 =  6.287E-06

      iter #   4 total cpu time :    14.1 secs   av.it.:  13.0
      thresh= 2.507E-04 alpha_mix =  0.400 |ddv_scf|^2 =  5.528E-08

      iter #   5 total cpu time :    16.9 secs   av.it.:  14.8
      thresh= 2.351E-05 alpha_mix =  0.400 |ddv_scf|^2 =  8.510E-11

      iter #   6 total cpu time :    20.1 secs   av.it.:  17.3
      thresh= 9.225E-07 alpha_mix =  0.400 |ddv_scf|^2 =  3.588E-10

      iter #   7 total cpu time :    23.1 secs   av.it.:  15.1
      thresh= 1.894E-06 alpha_mix =  0.400 |ddv_scf|^2 =  2.752E-12

      iter #   8 total cpu time :    26.1 secs   av.it.:  16.1
      thresh= 1.659E-07 alpha_mix =  0.400 |ddv_scf|^2 =  2.328E-14

      iter #   9 total cpu time :    29.4 secs   av.it.:  18.1
      thresh= 1.526E-08 alpha_mix =  0.400 |ddv_scf|^2 =  2.193E-15

      iter #  10 total cpu time :    32.7 secs   av.it.:  18.1
      thresh= 4.683E-09 alpha_mix =  0.400 |ddv_scf|^2 =  7.291E-17

     End of electric fields calculation

          Dielectric constant in cartesian axis 

          (       5.455363094      -0.000000000       0.000000000 )
          (      -0.000000000       5.455363094       0.000000000 )
          (       0.000000000       0.000000000       1.272201030 )

          Effective charges (d Force / dE) in cartesian axis

           atom      1   Mo 
      Ex  (       -1.16760       -0.00000        0.00000 )
      Ey  (       -0.00000       -1.16760       -0.00000 )
      Ez  (        0.00000       -0.00000       -0.07310 )
           atom      2   S  
      Ex  (        0.58606       -0.00000       -0.00000 )
      Ey  (       -0.00000        0.58606       -0.00000 )
      Ez  (        0.00000        0.00000        0.03834 )
           atom      3   S  
      Ex  (        0.58606        0.00000        0.00000 )
      Ey  (       -0.00000        0.58606       -0.00000 )
      Ez  (        0.00000        0.00000        0.03834 )

     Calling punch_plot_e
     Writing on file  x0.000y0.000s0.980.drho                                                                                                                                                                                                                                         

     Computing Pc [DH,Drho] |psi> 

     Subspace diagonalization in iterative solution of the eigenvalue problem:
     one sub-group per band group will be used
     scalapack distributed-memory algorithm (size of sub-group:  3*  3 procs)


     Derivative coefficient:  0.001000    Threshold: 1.00E-12
     Non-scf  u_k: avg # of iterations = 19.7
     Non-scf Du_k: avg # of iterations = 43.1

          Dielectric constant from finite-differences

          (       5.455129871      -0.000000000       0.000000000 )
          (      -0.000000000       5.455129871       0.000000000 )
          (       0.000000000       0.000000000       1.271971105 )

              Electro-optic tensor is defined as 
            the derivative of the dielectric tensor 
              with respect to one electric field 
                 units are Rydberg a.u. 

            to obtain the static chi^2 multiply by 1/2  

            to convert to pm/Volt multiply per 2.7502  


          Electro-optic tensor in cartesian axis: 

          (      -0.000000000       5.659017580       0.000000000 )
          (       5.659017580      -0.000000000       0.000000000 )
          (       0.000000000       0.000000000       0.000000000 )

          (       5.659017580       0.000000000       0.000000000 )
          (       0.000000000      -5.659017580       0.000000000 )
          (       0.000000000       0.000000000       0.000000000 )

          (       0.000000000       0.000000000       0.000000000 )
          (       0.000000000       0.000000000       0.000000000 )
          (       0.000000000       0.000000000       0.000000000 )


          Electro-optic tensor: contribution #   1

          (       0.000000000       5.461640777      -0.000000000 )
          (       5.461640777      -0.000000000      -0.000000000 )
          (      -0.000000000      -0.000000000       0.000000000 )

          (       5.461640777       0.000000000      -0.000000000 )
          (       0.000000000      -5.461640777      -0.000000000 )
          (      -0.000000000      -0.000000000       0.000000000 )

          (      -0.000000000      -0.000000000       0.000000000 )
          (      -0.000000000      -0.000000000       0.000000000 )
          (       0.000000000       0.000000000       0.000000000 )


          Electro-optic tensor: contribution #   2

          (       0.000000000       0.197376803       0.000000000 )
          (       0.197376803      -0.000000000       0.000000000 )
          (       0.000000000       0.000000000       0.000000000 )

          (       0.197376803       0.000000000       0.000000000 )
          (      -0.000000000      -0.197376803       0.000000000 )
          (       0.000000000       0.000000000       0.000000000 )

          (       0.000000000       0.000000000       0.000000000 )
          (       0.000000000       0.000000000      -0.000000000 )
          (       0.000000000       0.000000000       0.000000000 )


     Computing Second order response 


      iter #   1   av.it.:  14.1
      thresh= 1.000E-02 alpha_mix =  0.400 |ddv_scf|^2 =  2.095E-04


      iter #   2   av.it.:  15.8
      thresh= 1.448E-03 alpha_mix =  0.400 |ddv_scf|^2 =  5.787E-04


      iter #   3   av.it.:  13.3
      thresh= 2.406E-03 alpha_mix =  0.400 |ddv_scf|^2 =  1.075E-05


      iter #   4   av.it.:  16.0
      thresh= 3.279E-04 alpha_mix =  0.400 |ddv_scf|^2 =  1.187E-06


      iter #   5   av.it.:  15.9
      thresh= 1.090E-04 alpha_mix =  0.400 |ddv_scf|^2 =  9.977E-08


      iter #   6   av.it.:  16.3
      thresh= 3.159E-05 alpha_mix =  0.400 |ddv_scf|^2 =  6.668E-10


      iter #   7   av.it.:  17.4
      thresh= 2.582E-06 alpha_mix =  0.400 |ddv_scf|^2 =  8.069E-11


      iter #   8   av.it.:  17.3
      thresh= 8.983E-07 alpha_mix =  0.400 |ddv_scf|^2 =  2.083E-12


      iter #   9   av.it.:  17.6
      thresh= 1.443E-07 alpha_mix =  0.400 |ddv_scf|^2 =  4.898E-12


      iter #  10   av.it.:  15.4
      thresh= 2.213E-07 alpha_mix =  0.400 |ddv_scf|^2 =  2.561E-13


      iter #  11   av.it.:  18.3
      thresh= 5.060E-08 alpha_mix =  0.400 |ddv_scf|^2 =  1.208E-13


      iter #  12   av.it.:  16.2
      thresh= 3.475E-08 alpha_mix =  0.400 |ddv_scf|^2 =  1.337E-15


      iter #  13   av.it.:  18.1
      thresh= 3.656E-09 alpha_mix =  0.400 |ddv_scf|^2 =  7.996E-17

          Raman tensor (au^-1) in cartesian axis 

           atom      1
          (       0.000000000       0.594569184       0.000000000 )
          (       0.594569184       0.000000000       0.000000000 )
          (       0.000000000       0.000000000      -0.000000000 )

          (       0.594569184       0.000000000      -0.000000000 )
          (       0.000000000      -0.594569184       0.000000000 )
          (      -0.000000000       0.000000000      -0.000000000 )

          (       0.000000000       0.000000000       0.000000000 )
          (       0.000000000       0.000000000       0.000000000 )
          (       0.000000000       0.000000000       0.000000000 )

           atom      2
          (       0.000000000      -0.293984766       0.002927389 )
          (      -0.293984766      -0.000000000      -0.000000000 )
          (       0.002927389      -0.000000000       0.000000000 )

          (      -0.293984766      -0.000000000      -0.000000000 )
          (      -0.000000000       0.293984766       0.002927389 )
          (      -0.000000000       0.002927389      -0.000000000 )

          (       0.537186090      -0.000000000       0.000000000 )
          (      -0.000000000       0.537186090       0.000000000 )
          (       0.000000000       0.000000000       0.026221177 )

           atom      3
          (       0.000000000      -0.293984766      -0.002927389 )
          (      -0.293984766      -0.000000000       0.000000000 )
          (      -0.002927389       0.000000000       0.000000000 )

          (      -0.293984766      -0.000000000       0.000000000 )
          (      -0.000000000       0.293984766      -0.002927389 )
          (       0.000000000      -0.002927389       0.000000000 )

          (      -0.537186090       0.000000000       0.000000000 )
          (       0.000000000      -0.537186090       0.000000000 )
          (       0.000000000       0.000000000      -0.026221177 )


     Raman tensor (A^2)

     atom #    1    pol.  1
      0.134918855052E-14      0.144508971118E+02      0.000000000000E+00
      0.144508971118E+02      0.127233667434E-14      0.366105770060E-22
      0.000000000000E+00      0.366105770060E-22     -0.748112333320E-18
     atom #    1    pol.  2
      0.144508971118E+02      0.215369746105E-14     -0.605968171133E-22
      0.215369746105E-14     -0.144508971118E+02      0.655979787608E-23
     -0.605968171133E-22      0.655979787608E-23     -0.129576857108E-17
     atom #    1    pol.  3
      0.139942354690E-21      0.807957561511E-22      0.000000000000E+00
      0.807957561511E-22      0.233237257816E-21      0.000000000000E+00
      0.000000000000E+00      0.000000000000E+00      0.000000000000E+00
     atom #    2    pol.  1
      0.449729516839E-15     -0.714524688073E+01      0.711496662650E-01
     -0.714524688073E+01     -0.339115139156E-15     -0.116557957014E-16
      0.711496662650E-01     -0.638552792593E-17      0.000000000000E+00
     atom #    2    pol.  2
     -0.714524688073E+01     -0.109963705579E-14     -0.599354871346E-17
     -0.109963705579E-14      0.714524688073E+01      0.711496662650E-01
     -0.599354871346E-17      0.711496662650E-01     -0.107980714257E-17
     atom #    2    pol.  3
      0.130562113422E+02     -0.376534859819E-15      0.000000000000E+00
     -0.376534859819E-15      0.130562113422E+02      0.000000000000E+00
      0.000000000000E+00      0.000000000000E+00      0.637301000800E+00
     atom #    3    pol.  1
      0.224864758420E-15     -0.714524688073E+01     -0.711496662650E-01
     -0.714524688073E+01     -0.168830368967E-14      0.116557957014E-16
     -0.711496662650E-01      0.638552792593E-17      0.000000000000E+00
     atom #    3    pol.  2
     -0.714524688073E+01     -0.890916860647E-15      0.120791297512E-16
     -0.890916860647E-15      0.714524688073E+01     -0.711496662650E-01
      0.120791297512E-16     -0.711496662650E-01      0.000000000000E+00
     atom #    3    pol.  3
     -0.130562113422E+02      0.376534859819E-15      0.000000000000E+00
      0.376534859819E-15     -0.130562113422E+02      0.000000000000E+00
      0.000000000000E+00      0.000000000000E+00     -0.637301000800E+00


     Representation #   1 mode #   1

     Self-consistent Calculation

      iter #   1 total cpu time :   198.2 secs   av.it.:   9.4
      thresh= 1.000E-02 alpha_mix =  0.400 |ddv_scf|^2 =  5.112E-05

      iter #   2 total cpu time :   199.2 secs   av.it.:  14.1
      thresh= 7.150E-04 alpha_mix =  0.400 |ddv_scf|^2 =  1.017E-04

      iter #   3 total cpu time :   200.2 secs   av.it.:  13.6
      thresh= 1.009E-03 alpha_mix =  0.400 |ddv_scf|^2 =  1.933E-06

      iter #   4 total cpu time :   201.2 secs   av.it.:  13.6
      thresh= 1.390E-04 alpha_mix =  0.400 |ddv_scf|^2 =  1.157E-09

      iter #   5 total cpu time :   202.2 secs   av.it.:  13.9
      thresh= 3.402E-06 alpha_mix =  0.400 |ddv_scf|^2 =  1.007E-10

      iter #   6 total cpu time :   203.2 secs   av.it.:  14.7
      thresh= 1.003E-06 alpha_mix =  0.400 |ddv_scf|^2 =  4.403E-12

      iter #   7 total cpu time :   204.3 secs   av.it.:  15.3
      thresh= 2.098E-07 alpha_mix =  0.400 |ddv_scf|^2 =  4.487E-14

      iter #   8 total cpu time :   205.4 secs   av.it.:  15.6
      thresh= 2.118E-08 alpha_mix =  0.400 |ddv_scf|^2 =  5.174E-15

      iter #   9 total cpu time :   206.5 secs   av.it.:  16.0
      thresh= 7.193E-09 alpha_mix =  0.400 |ddv_scf|^2 =  6.508E-16

     End of self-consistent calculation

     Convergence has been achieved 


     Representation #   2 modes #   2   3

     Self-consistent Calculation

      iter #   1 total cpu time :   207.9 secs   av.it.:   8.5
      thresh= 1.000E-02 alpha_mix =  0.400 |ddv_scf|^2 =  7.865E-09

      iter #   2 total cpu time :   210.1 secs   av.it.:  17.8
      thresh= 8.868E-06 alpha_mix =  0.400 |ddv_scf|^2 =  5.678E-10

      iter #   3 total cpu time :   212.5 secs   av.it.:  18.5
      thresh= 2.383E-06 alpha_mix =  0.400 |ddv_scf|^2 =  3.665E-12

      iter #   4 total cpu time :   214.9 secs   av.it.:  19.0
      thresh= 1.914E-07 alpha_mix =  0.400 |ddv_scf|^2 =  3.341E-13

      iter #   5 total cpu time :   217.2 secs   av.it.:  18.8
      thresh= 5.780E-08 alpha_mix =  0.400 |ddv_scf|^2 =  4.964E-15

      iter #   6 total cpu time :   219.6 secs   av.it.:  18.7
      thresh= 7.045E-09 alpha_mix =  0.400 |ddv_scf|^2 =  4.606E-16

     End of self-consistent calculation

     Convergence has been achieved 


     Representation #   3 modes #   4   5

     Self-consistent Calculation

      iter #   1 total cpu time :   221.2 secs   av.it.:   9.9
      thresh= 1.000E-02 alpha_mix =  0.400 |ddv_scf|^2 =  1.469E-07

      iter #   2 total cpu time :   223.4 secs   av.it.:  17.3
      thresh= 3.833E-05 alpha_mix =  0.400 |ddv_scf|^2 =  9.822E-09

      iter #   3 total cpu time :   225.7 secs   av.it.:  18.1
      thresh= 9.910E-06 alpha_mix =  0.400 |ddv_scf|^2 =  3.368E-11

      iter #   4 total cpu time :   228.1 secs   av.it.:  19.1
      thresh= 5.803E-07 alpha_mix =  0.400 |ddv_scf|^2 =  1.647E-12

      iter #   5 total cpu time :   230.6 secs   av.it.:  19.2
      thresh= 1.283E-07 alpha_mix =  0.400 |ddv_scf|^2 =  2.862E-14

      iter #   6 total cpu time :   233.0 secs   av.it.:  19.1
      thresh= 1.692E-08 alpha_mix =  0.400 |ddv_scf|^2 =  3.884E-15

      iter #   7 total cpu time :   235.4 secs   av.it.:  19.4
      thresh= 6.232E-09 alpha_mix =  0.400 |ddv_scf|^2 =  4.719E-17

     End of self-consistent calculation

     Convergence has been achieved 


     Representation #   4 mode #   6

     Self-consistent Calculation

      iter #   1 total cpu time :   236.4 secs   av.it.:  11.5
      thresh= 1.000E-02 alpha_mix =  0.400 |ddv_scf|^2 =  2.827E-03

      iter #   2 total cpu time :   237.4 secs   av.it.:  13.5
      thresh= 5.317E-03 alpha_mix =  0.400 |ddv_scf|^2 =  4.001E-02

      iter #   3 total cpu time :   238.3 secs   av.it.:  12.7
      thresh= 1.000E-02 alpha_mix =  0.400 |ddv_scf|^2 =  1.268E-05

      iter #   4 total cpu time :   239.3 secs   av.it.:  12.8
      thresh= 3.560E-04 alpha_mix =  0.400 |ddv_scf|^2 =  1.758E-07

      iter #   5 total cpu time :   240.3 secs   av.it.:  13.7
      thresh= 4.192E-05 alpha_mix =  0.400 |ddv_scf|^2 =  4.888E-10

      iter #   6 total cpu time :   241.3 secs   av.it.:  14.8
      thresh= 2.211E-06 alpha_mix =  0.400 |ddv_scf|^2 =  9.695E-10

      iter #   7 total cpu time :   242.3 secs   av.it.:  13.6
      thresh= 3.114E-06 alpha_mix =  0.400 |ddv_scf|^2 =  1.388E-11

      iter #   8 total cpu time :   243.3 secs   av.it.:  13.7
      thresh= 3.726E-07 alpha_mix =  0.400 |ddv_scf|^2 =  1.221E-12

      iter #   9 total cpu time :   244.3 secs   av.it.:  14.4
      thresh= 1.105E-07 alpha_mix =  0.400 |ddv_scf|^2 =  4.921E-16

     End of self-consistent calculation

     Convergence has been achieved 


     Representation #   5 mode #   7

     Self-consistent Calculation

      iter #   1 total cpu time :   245.1 secs   av.it.:   9.4
      thresh= 1.000E-02 alpha_mix =  0.400 |ddv_scf|^2 =  4.032E-04

      iter #   2 total cpu time :   246.1 secs   av.it.:  13.3
      thresh= 2.008E-03 alpha_mix =  0.400 |ddv_scf|^2 =  4.868E-03

      iter #   3 total cpu time :   247.0 secs   av.it.:  11.7
      thresh= 6.977E-03 alpha_mix =  0.400 |ddv_scf|^2 =  9.605E-06

      iter #   4 total cpu time :   247.9 secs   av.it.:  11.8
      thresh= 3.099E-04 alpha_mix =  0.400 |ddv_scf|^2 =  1.231E-09

      iter #   5 total cpu time :   248.9 secs   av.it.:  13.7
      thresh= 3.508E-06 alpha_mix =  0.400 |ddv_scf|^2 =  1.506E-10

      iter #   6 total cpu time :   249.9 secs   av.it.:  14.5
      thresh= 1.227E-06 alpha_mix =  0.400 |ddv_scf|^2 =  2.774E-11

      iter #   7 total cpu time :   250.9 secs   av.it.:  13.7
      thresh= 5.267E-07 alpha_mix =  0.400 |ddv_scf|^2 =  5.045E-13

      iter #   8 total cpu time :   251.9 secs   av.it.:  14.3
      thresh= 7.102E-08 alpha_mix =  0.400 |ddv_scf|^2 =  1.205E-14

      iter #   9 total cpu time :   253.0 secs   av.it.:  15.6
      thresh= 1.098E-08 alpha_mix =  0.400 |ddv_scf|^2 =  1.965E-14

      iter #  10 total cpu time :   253.9 secs   av.it.:  13.1
      thresh= 1.402E-08 alpha_mix =  0.400 |ddv_scf|^2 =  2.956E-16

     End of self-consistent calculation

     Convergence has been achieved 


     Representation #   6 modes #   8   9

     Self-consistent Calculation

      iter #   1 total cpu time :   255.3 secs   av.it.:   8.4
      thresh= 1.000E-02 alpha_mix =  0.400 |ddv_scf|^2 =  6.570E-09

      iter #   2 total cpu time :   257.6 secs   av.it.:  17.6
      thresh= 8.106E-06 alpha_mix =  0.400 |ddv_scf|^2 =  5.591E-10

      iter #   3 total cpu time :   259.9 secs   av.it.:  18.7
      thresh= 2.365E-06 alpha_mix =  0.400 |ddv_scf|^2 =  2.691E-12

      iter #   4 total cpu time :   262.3 secs   av.it.:  18.9
      thresh= 1.641E-07 alpha_mix =  0.400 |ddv_scf|^2 =  2.141E-14

      iter #   5 total cpu time :   264.6 secs   av.it.:  18.4
      thresh= 1.463E-08 alpha_mix =  0.400 |ddv_scf|^2 =  3.466E-15

      iter #   6 total cpu time :   267.3 secs   av.it.:  19.5
      thresh= 5.887E-09 alpha_mix =  0.400 |ddv_scf|^2 =  4.188E-17

     End of self-consistent calculation

     Convergence has been achieved 
 
     Number of q in the star =    1
     List of q in the star:
          1   0.000000000   0.000000000   0.000000000

          Dielectric constant in cartesian axis 

          (       5.455129871      -0.000000000       0.000000000 )
          (      -0.000000000       5.455129871       0.000000000 )
          (       0.000000000       0.000000000       1.271971105 )

          Effective charges (d Force / dE) in cartesian axis

           atom      1   Mo 
      Ex  (       -1.16760       -0.00000        0.00000 )
      Ey  (       -0.00000       -1.16760       -0.00000 )
      Ez  (        0.00000       -0.00000       -0.07310 )
           atom      2   S  
      Ex  (        0.58606       -0.00000       -0.00000 )
      Ey  (       -0.00000        0.58606       -0.00000 )
      Ez  (        0.00000        0.00000        0.03834 )
           atom      3   S  
      Ex  (        0.58606        0.00000        0.00000 )
      Ey  (       -0.00000        0.58606       -0.00000 )
      Ez  (        0.00000        0.00000        0.03834 )

     Diagonalizing the dynamical matrix

     q = (    0.000000000   0.000000000   0.000000000 ) 

 **************************************************************************
     freq (    1) =      -0.106527 [THz] =      -3.553362 [cm-1]
     freq (    2) =       0.200080 [THz] =       6.673950 [cm-1]
     freq (    3) =       0.200080 [THz] =       6.673950 [cm-1]
     freq (    4) =       8.373525 [THz] =     279.310723 [cm-1]
     freq (    5) =       8.373525 [THz] =     279.310723 [cm-1]
     freq (    6) =      11.375390 [THz] =     379.442181 [cm-1]
     freq (    7) =      11.375390 [THz] =     379.442181 [cm-1]
     freq (    8) =      11.840845 [THz] =     394.968086 [cm-1]
     freq (    9) =      13.841139 [THz] =     461.690708 [cm-1]
 **************************************************************************

     Mode symmetry, D_3h (-62m) point group:

     freq (   1-   1) =         -3.6  [cm-1]   --> A''2            I  
     freq (   2-   3) =          6.7  [cm-1]   --> E'              I+R
     freq (   4-   5) =        279.3  [cm-1]   --> E''             R  
     freq (   6-   7) =        379.4  [cm-1]   --> E'              I+R
     freq (   8-   8) =        395.0  [cm-1]   --> A'_1            R  
     freq (   9-   9) =        461.7  [cm-1]   --> A''2            I  
 
     PHONON       :   4m16.34s CPU   4m27.47s WALL

     INITIALIZATION: 
     phq_setup    :      0.00s CPU      0.01s WALL (       1 calls)
     phq_init     :      0.24s CPU      0.24s WALL (       1 calls)
 
     phq_init     :      0.24s CPU      0.24s WALL (       1 calls)
     init_vloc    :      0.06s CPU      0.06s WALL (       1 calls)
     init_us_1    :      0.01s CPU      0.01s WALL (       1 calls)
 
     DIELECTRIC CONSTANT AND EFFECTIVE CHARGES:
     solve_e      :     30.99s CPU     32.26s WALL (       1 calls)
     dielec       :      0.00s CPU      0.01s WALL (       1 calls)
     zstar_eu     :      0.46s CPU      0.48s WALL (       1 calls)
 
     RAMAN COEFFICIENTS, THIRD-ORDER CHI:
     dhdrhopsi    :     77.48s CPU     80.14s WALL (       1 calls)
     el_opt       :      0.01s CPU      0.02s WALL (       1 calls)
     dvpsi_e2     :      1.37s CPU      1.43s WALL (       1 calls)
     solve_e2     :     76.34s CPU     79.82s WALL (       1 calls)
 
     DYNAMICAL MATRIX:
     dynmat0      :      0.05s CPU      0.05s WALL (       1 calls)
     phqscf       :     67.07s CPU     70.03s WALL (       1 calls)
     dynmatrix    :      0.00s CPU      0.01s WALL (       1 calls)
 
     phqscf       :     67.07s CPU     70.03s WALL (       1 calls)
     solve_linter :     66.96s CPU     69.79s WALL (       6 calls)
     drhodv       :      0.11s CPU      0.14s WALL (       6 calls)
 
     dynmat0      :      0.05s CPU      0.05s WALL (       1 calls)
     dynmat_us    :      0.04s CPU      0.04s WALL (       1 calls)
     d2ionq       :      0.00s CPU      0.00s WALL (       1 calls)
 
     dynmat_us    :      0.04s CPU      0.04s WALL (       1 calls)
 
     phqscf       :     67.07s CPU     70.03s WALL (       1 calls)
     solve_linter :     66.96s CPU     69.79s WALL (       6 calls)
 
     solve_linter :     66.96s CPU     69.79s WALL (       6 calls)
     dvqpsi_us    :      2.61s CPU      2.70s WALL (    1026 calls)
     ortho        :      0.21s CPU      0.22s WALL (    2223 calls)
     cgsolve      :    211.66s CPU    218.20s WALL (    4047 calls)
     incdrhoscf   :      7.22s CPU      7.64s WALL (    3306 calls)
     vpsifft      :      2.37s CPU      2.52s WALL (    1083 calls)
     dv_of_drho   :      0.23s CPU      0.24s WALL (     183 calls)
     mix_pot      :      0.62s CPU      0.67s WALL (      70 calls)
     psymdvscf    :      7.52s CPU      7.62s WALL (      47 calls)
 
     dvqpsi_us    :      2.61s CPU      2.70s WALL (    1026 calls)
     dvqpsi_us_on :      0.24s CPU      0.24s WALL (    1026 calls)
 
     cgsolve      :    211.66s CPU    218.20s WALL (    4047 calls)
     ch_psi       :    205.74s CPU    212.08s WALL (  114078 calls)
 
     ch_psi       :    205.74s CPU    212.08s WALL (  114078 calls)
     h_psi        :    194.43s CPU    200.59s WALL (  141601 calls)
     last         :     14.06s CPU     14.51s WALL (  114078 calls)
 
     h_psi        :    194.43s CPU    200.59s WALL (  141601 calls)
     add_vuspsi   :      4.31s CPU      4.46s WALL (  141601 calls)
 
     incdrhoscf   :      7.22s CPU      7.64s WALL (    3306 calls)
 
 
      General routines
     calbec       :     15.13s CPU     15.64s WALL (  286529 calls)
     fft          :      0.34s CPU      0.37s WALL (     917 calls)
     ffts         :      0.19s CPU      0.20s WALL (    1444 calls)
     fftw         :    176.55s CPU    182.48s WALL ( 2401117 calls)
     davcio       :      0.61s CPU      0.98s WALL (   13864 calls)
     write_rec    :      0.04s CPU      1.46s WALL (      76 calls)
 
 
     PHONON       :   4m16.34s CPU   4m27.47s WALL

 
   This run was terminated on:  17: 1:12  27Sep2025            

=------------------------------------------------------------------------------=
   JOB DONE.
=------------------------------------------------------------------------------=
