MPI startup(): Warning: I_MPI_PMI_LIBRARY will be ignored since the hydra process manager was found
MPI startup(): Warning: I_MPI_PMI_LIBRARY will be ignored since the hydra process manager was found
MPI startup(): Warning: I_MPI_PMI_LIBRARY will be ignored since the hydra process manager was found
MPI startup(): Warning: I_MPI_PMI_LIBRARY will be ignored since the hydra process manager was found
MPI startup(): Warning: I_MPI_PMI_LIBRARY will be ignored since the hydra process manager was found
MPI startup(): Warning: I_MPI_PMI_LIBRARY will be ignored since the hydra process manager was found
MPI startup(): Warning: I_MPI_PMI_LIBRARY will be ignored since the hydra process manager was found
MPI startup(): Warning: I_MPI_PMI_LIBRARY will be ignored since the hydra process manager was found
MPI startup(): Warning: I_MPI_PMI_LIBRARY will be ignored since the hydra process manager was found
MPI startup(): Warning: I_MPI_PMI_LIBRARY will be ignored since the hydra process manager was found
MPI startup(): Warning: I_MPI_PMI_LIBRARY will be ignored since the hydra process manager was found
MPI startup(): Warning: I_MPI_PMI_LIBRARY will be ignored since the hydra process manager was found

     Program PHONON v.6.8 starts on 27Sep2025 at 16:56:35 

     This program is part of the open-source Quantum ESPRESSO suite
     for quantum simulation of materials; please cite
         "P. Giannozzi et al., J. Phys.:Condens. Matter 21 395502 (2009);
         "P. Giannozzi et al., J. Phys.:Condens. Matter 29 465901 (2017);
         "P. Giannozzi et al., J. Chem. Phys. 152 154105 (2020);
          URL http://www.quantum-espresso.org", 
     in publications or presentations arising from this work. More details at
     http://www.quantum-espresso.org/quote

     Parallel version (MPI & OpenMP), running on      12 processor cores
     Number of MPI processes:                12
     Threads/MPI process:                     1

     MPI processes distributed on     1 nodes
     R & G space division:  proc/nbgrp/npool/nimage =      12
     157499 MiB available memory on the printing compute node when the environment starts
 
     Reading input from x0.000y0.000s1.010.ph.in

     Reading xml data from directory:

     /tmp/x0.000y0.000s1.010/x0.000y0.000s1.010.save/

     IMPORTANT: XC functional enforced from input :
     Exchange-correlation= PZ
                           (   1   1   0   0   0   0   0)
     Any further DFT definition will be discarded
     Please, verify this is what you really want

 
     Parallelization info
     --------------------
     sticks:   dense  smooth     PW     G-vecs:    dense   smooth      PW
     Min          96      42     12                15571     4612     748
     Max          98      43     13                15586     4629     773
     Sum        1159     511    151               186923    55417    9155
 
     Using Slab Decomposition
 
 ----2D----2D----2D----2D----2D----2D----2D----2D----2D----2D----2D----2D
  The code is running with the 2D cutoff
  Please refer to:
  Sohier, T., Calandra, M., & Mauri, F. (2017), 
  Density functional perturbation theory for gated two-dimensional heterostructu
 res:
  Theoretical developments and application to flexural phonons in graphene.
  Physical Review B, 96(7), 75448. https://doi.org/10.1103/PhysRevB.96.075448
 ----2D----2D----2D----2D----2D----2D----2D----2D----2D----2D----2D----2D
     Reading collected, re-writing distributed wavefunctions

     Calculation of q =    0.0000000   0.0000000   0.0000000

     Dielectric properties of x0.000y0.000s1.010 alloy at Gamma                 

     bravais-lattice index     =            0
     lattice parameter (alat)  =       6.0815  a.u.
     unit-cell volume          =    1158.4855 (a.u.)^3
     number of atoms/cell      =            3
     number of atomic types    =            2
     kinetic-energy cut-off    =      50.0000  Ry
     charge density cut-off    =     450.0000  Ry
     convergence threshold     =      1.0E-15
     beta                      =       0.4000
     number of iterations used =            4
     Exchange-correlation= PZ
                           (   1   1   0   0   0   0   0)


     celldm(1)=    6.08146  celldm(2)=    0.00000  celldm(3)=    0.00000
     celldm(4)=    0.00000  celldm(5)=    0.00000  celldm(6)=    0.00000

     crystal axes: (cart. coord. in units of alat)
               a(1) = (  1.0000  0.0000  0.0000 )  
               a(2) = ( -0.5000  0.8660  0.0000 )  
               a(3) = (  0.0000  0.0000  5.9475 )  

     reciprocal axes: (cart. coord. in units 2 pi/alat)
               b(1) = (  1.0000  0.5774  0.0000 )  
               b(2) = (  0.0000  1.1547  0.0000 )  
               b(3) = (  0.0000  0.0000  0.1681 )  


     Atoms inside the unit cell: 

     Cartesian axes

     site n.  atom      mass           positions (alat units)
        1     Mo  95.9500   tau(    1) = (    0.00000    0.00000    2.97377  )
        2     S   32.0600   tau(    2) = (    0.50000    0.28868    3.45861  )
        3     S   32.0600   tau(    3) = (    0.50000    0.28868    2.48893  )

     Computing dynamical matrix for 
                    q = (   0.0000000   0.0000000   0.0000000 )
 
     13 Sym.Ops. (with q -> -q+G )


     G cutoff =  421.5684  (  15573 G-vectors)     FFT grid: ( 45, 45,250)
     G cutoff =  187.3638  (   4629 G-vectors)  smooth grid: ( 27, 27,180)
     number of k points=    19
                       cart. coord. in units 2pi/alat
        k(    1) = (   0.0000000   0.0000000   0.0000000), wk =   0.0138889
        k(    2) = (   0.0000000   0.0962250   0.0000000), wk =   0.0833333
        k(    3) = (   0.0000000   0.1924501   0.0000000), wk =   0.0833333
        k(    4) = (   0.0000000   0.2886751   0.0000000), wk =   0.0833333
        k(    5) = (   0.0000000   0.3849002   0.0000000), wk =   0.0833333
        k(    6) = (   0.0000000   0.4811252   0.0000000), wk =   0.0833333
        k(    7) = (   0.0000000  -0.5773503   0.0000000), wk =   0.0416667
        k(    8) = (   0.0833333   0.1443376   0.0000000), wk =   0.0833333
        k(    9) = (   0.0833333   0.2405626   0.0000000), wk =   0.1666667
        k(   10) = (   0.0833333   0.3367877   0.0000000), wk =   0.1666667
        k(   11) = (   0.0833333   0.4330127   0.0000000), wk =   0.1666667
        k(   12) = (   0.0833333   0.5292377   0.0000000), wk =   0.1666667
        k(   13) = (   0.1666667   0.2886751   0.0000000), wk =   0.0833333
        k(   14) = (   0.1666667   0.3849002   0.0000000), wk =   0.1666667
        k(   15) = (   0.1666667   0.4811252   0.0000000), wk =   0.1666667
        k(   16) = (   0.1666667   0.5773503   0.0000000), wk =   0.0833333
        k(   17) = (   0.2500000   0.4330127   0.0000000), wk =   0.0833333
        k(   18) = (   0.2500000   0.5292377   0.0000000), wk =   0.1666667
        k(   19) = (   0.3333333   0.5773503   0.0000000), wk =   0.0277778

     PseudoPot. # 1 for Mo read from file:
     /home/theory/phrrpq/sg15_oncv_upf_2020-02-06/Mo_ONCV_PBE-1.2.upf
     MD5 check sum: 2665c9f4159700498d9a5f7573bd8e9f
     Pseudo is Norm-conserving, Zval = 14.0
     Generated using ONCVPSP code by D. R. Hamann
     Using radial grid of  602 points,  6 beta functions with: 
                l(1) =   0
                l(2) =   0
                l(3) =   1
                l(4) =   1
                l(5) =   2
                l(6) =   2

     PseudoPot. # 2 for S  read from file:
     /home/theory/phrrpq/sg15_oncv_upf_2020-02-06/S_ONCV_PBE-1.2.upf
     MD5 check sum: f9d020296ee6110346977bfd66d424f6
     Pseudo is Norm-conserving, Zval =  6.0
     Generated using ONCVPSP code by D. R. Hamann
     Using radial grid of  602 points,  4 beta functions with: 
                l(1) =   0
                l(2) =   0
                l(3) =   1
                l(4) =   1

     Mode symmetry, D_3h (-62m) point group:


     Electric field:
     Dielectric constant
     Born effective charges as d Force / d E
     Raman tensor
     Electro-optic tensor


     Atomic displacements:
     There are    6 irreducible representations

     Representation     1      1 modes -  To be done

     Representation     2      2 modes -  To be done

     Representation     3      2 modes -  To be done

     Representation     4      1 modes -  To be done

     Representation     5      1 modes -  To be done

     Representation     6      2 modes -  To be done



     Alpha used in Ewald sum =   2.8000
     PHONON       :      0.42s CPU      0.61s WALL


     Electric Fields Calculation

      iter #   1 total cpu time :     7.8 secs   av.it.:  10.8
      thresh= 1.000E-02 alpha_mix =  0.400 |ddv_scf|^2 =  7.807E-04

      iter #   2 total cpu time :    10.2 secs   av.it.:  12.1
      thresh= 2.794E-03 alpha_mix =  0.400 |ddv_scf|^2 =  8.545E-03

      iter #   3 total cpu time :    11.9 secs   av.it.:   6.6
      thresh= 9.244E-03 alpha_mix =  0.400 |ddv_scf|^2 =  3.786E-06

      iter #   4 total cpu time :    14.5 secs   av.it.:  13.4
      thresh= 1.946E-04 alpha_mix =  0.400 |ddv_scf|^2 =  4.681E-08

      iter #   5 total cpu time :    17.4 secs   av.it.:  15.1
      thresh= 2.164E-05 alpha_mix =  0.400 |ddv_scf|^2 =  5.698E-11

      iter #   6 total cpu time :    20.8 secs   av.it.:  18.0
      thresh= 7.548E-07 alpha_mix =  0.400 |ddv_scf|^2 =  1.928E-10

      iter #   7 total cpu time :    23.7 secs   av.it.:  15.4
      thresh= 1.389E-06 alpha_mix =  0.400 |ddv_scf|^2 =  2.356E-12

      iter #   8 total cpu time :    26.8 secs   av.it.:  16.4
      thresh= 1.535E-07 alpha_mix =  0.400 |ddv_scf|^2 =  2.587E-14

      iter #   9 total cpu time :    30.3 secs   av.it.:  18.7
      thresh= 1.608E-08 alpha_mix =  0.400 |ddv_scf|^2 =  1.583E-15

      iter #  10 total cpu time :    33.7 secs   av.it.:  18.4
      thresh= 3.979E-09 alpha_mix =  0.400 |ddv_scf|^2 =  4.347E-16

     End of electric fields calculation

          Dielectric constant in cartesian axis 

          (       5.630602168      -0.000000000      -0.000000000 )
          (      -0.000000000       5.630602168       0.000000000 )
          (       0.000000000       0.000000000       1.266935878 )

          Effective charges (d Force / dE) in cartesian axis

           atom      1   Mo 
      Ex  (       -1.05051        0.00000        0.00000 )
      Ey  (       -0.00000       -1.05051        0.00000 )
      Ez  (        0.00000       -0.00000       -0.07966 )
           atom      2   S  
      Ex  (        0.52764        0.00000        0.00000 )
      Ey  (        0.00000        0.52764        0.00000 )
      Ez  (        0.00000       -0.00000        0.04173 )
           atom      3   S  
      Ex  (        0.52764        0.00000       -0.00000 )
      Ey  (        0.00000        0.52764       -0.00000 )
      Ez  (        0.00000        0.00000        0.04173 )

     Calling punch_plot_e
     Writing on file  x0.000y0.000s1.010.drho                                                                                                                                                                                                                                         

     Computing Pc [DH,Drho] |psi> 

     Subspace diagonalization in iterative solution of the eigenvalue problem:
     one sub-group per band group will be used
     scalapack distributed-memory algorithm (size of sub-group:  3*  3 procs)


     Derivative coefficient:  0.001000    Threshold: 1.00E-12
     Non-scf  u_k: avg # of iterations = 19.5
     Non-scf Du_k: avg # of iterations = 43.7

          Dielectric constant from finite-differences

          (       5.630569574      -0.000000000       0.000000000 )
          (      -0.000000000       5.630569574      -0.000000000 )
          (       0.000000000      -0.000000000       1.266717961 )

              Electro-optic tensor is defined as 
            the derivative of the dielectric tensor 
              with respect to one electric field 
                 units are Rydberg a.u. 

            to obtain the static chi^2 multiply by 1/2  

            to convert to pm/Volt multiply per 2.7502  


          Electro-optic tensor in cartesian axis: 

          (       0.000000000       4.105291453       0.000000000 )
          (       4.105291453      -0.000000000       0.000000000 )
          (       0.000000000      -0.000000000       0.000000000 )

          (       4.105291453      -0.000000000       0.000000000 )
          (      -0.000000000      -4.105291453      -0.000000000 )
          (       0.000000000      -0.000000000       0.000000000 )

          (       0.000000000      -0.000000000       0.000000000 )
          (      -0.000000000      -0.000000000       0.000000000 )
          (       0.000000000       0.000000000       0.000000000 )


          Electro-optic tensor: contribution #   1

          (       0.000000000       3.858215578       0.000000000 )
          (       3.858215578      -0.000000000       0.000000000 )
          (       0.000000000       0.000000000       0.000000000 )

          (       3.858215578      -0.000000000       0.000000000 )
          (      -0.000000000      -3.858215578       0.000000000 )
          (       0.000000000       0.000000000       0.000000000 )

          (       0.000000000       0.000000000       0.000000000 )
          (       0.000000000       0.000000000       0.000000000 )
          (       0.000000000       0.000000000       0.000000000 )


          Electro-optic tensor: contribution #   2

          (       0.000000000       0.247075875       0.000000000 )
          (       0.247075875       0.000000000       0.000000000 )
          (       0.000000000      -0.000000000       0.000000000 )

          (       0.247075875      -0.000000000       0.000000000 )
          (       0.000000000      -0.247075875       0.000000000 )
          (      -0.000000000      -0.000000000      -0.000000000 )

          (       0.000000000       0.000000000       0.000000000 )
          (      -0.000000000       0.000000000      -0.000000000 )
          (       0.000000000       0.000000000       0.000000000 )


     Computing Second order response 


      iter #   1   av.it.:  14.4
      thresh= 1.000E-02 alpha_mix =  0.400 |ddv_scf|^2 =  2.210E-04


      iter #   2   av.it.:  16.2
      thresh= 1.487E-03 alpha_mix =  0.400 |ddv_scf|^2 =  5.815E-04


      iter #   3   av.it.:  13.7
      thresh= 2.412E-03 alpha_mix =  0.400 |ddv_scf|^2 =  8.262E-06


      iter #   4   av.it.:  16.7
      thresh= 2.874E-04 alpha_mix =  0.400 |ddv_scf|^2 =  1.149E-06


      iter #   5   av.it.:  16.2
      thresh= 1.072E-04 alpha_mix =  0.400 |ddv_scf|^2 =  6.541E-08


      iter #   6   av.it.:  16.9
      thresh= 2.558E-05 alpha_mix =  0.400 |ddv_scf|^2 =  4.818E-10


      iter #   7   av.it.:  18.1
      thresh= 2.195E-06 alpha_mix =  0.400 |ddv_scf|^2 =  4.592E-11


      iter #   8   av.it.:  17.7
      thresh= 6.777E-07 alpha_mix =  0.400 |ddv_scf|^2 =  3.455E-12


      iter #   9   av.it.:  17.2
      thresh= 1.859E-07 alpha_mix =  0.400 |ddv_scf|^2 =  1.102E-12


      iter #  10   av.it.:  17.5
      thresh= 1.050E-07 alpha_mix =  0.400 |ddv_scf|^2 =  1.576E-13


      iter #  11   av.it.:  18.9
      thresh= 3.970E-08 alpha_mix =  0.400 |ddv_scf|^2 =  4.095E-14


      iter #  12   av.it.:  17.1
      thresh= 2.024E-08 alpha_mix =  0.400 |ddv_scf|^2 =  1.842E-15


      iter #  13   av.it.:  18.8
      thresh= 4.292E-09 alpha_mix =  0.400 |ddv_scf|^2 =  1.111E-15


      iter #  14   av.it.:  17.4
      thresh= 3.333E-09 alpha_mix =  0.400 |ddv_scf|^2 =  1.122E-16

          Raman tensor (au^-1) in cartesian axis 

           atom      1
          (      -0.000000000       0.763738212       0.000000000 )
          (       0.763738212       0.000000000       0.000000000 )
          (       0.000000000       0.000000000      -0.000000000 )

          (       0.763738212       0.000000000       0.000000000 )
          (       0.000000000      -0.763738212      -0.000000000 )
          (       0.000000000      -0.000000000      -0.000000000 )

          (      -0.000000000      -0.000000000       0.000000000 )
          (      -0.000000000      -0.000000000       0.000000000 )
          (       0.000000000       0.000000000       0.000000000 )

           atom      2
          (       0.000000000      -0.378520529      -0.000806957 )
          (      -0.378520529      -0.000000000      -0.000000000 )
          (      -0.000806957      -0.000000000       0.000000000 )

          (      -0.378520529      -0.000000000      -0.000000000 )
          (      -0.000000000       0.378520529      -0.000806957 )
          (      -0.000000000      -0.000806957       0.000000000 )

          (       0.128313541       0.000000000       0.000000000 )
          (      -0.000000000       0.128313541      -0.000000000 )
          (       0.000000000      -0.000000000       0.025593379 )

           atom      3
          (       0.000000000      -0.378520529       0.000806957 )
          (      -0.378520529      -0.000000000      -0.000000000 )
          (       0.000806957      -0.000000000       0.000000000 )

          (      -0.378520529      -0.000000000      -0.000000000 )
          (      -0.000000000       0.378520529       0.000806957 )
          (      -0.000000000       0.000806957       0.000000000 )

          (      -0.128313541      -0.000000000       0.000000000 )
          (       0.000000000      -0.128313541      -0.000000000 )
          (       0.000000000      -0.000000000      -0.025593379 )


     Raman tensor (A^2)

     atom #    1    pol.  1
     -0.167189898006E-14      0.197163958472E+02      0.382979105164E-22
      0.197163958472E+02      0.162538331666E-14      0.221113089461E-22
      0.382979105164E-22      0.221113089461E-22     -0.844010805819E-18
     atom #    1    pol.  2
      0.197163958472E+02      0.422424128242E-14      0.221113089461E-22
      0.422424128242E-14     -0.197163958472E+02     -0.382979105164E-22
      0.221113089461E-22     -0.382979105164E-22     -0.487289865939E-18
     atom #    1    pol.  3
     -0.229787463099E-21     -0.309558325245E-21      0.000000000000E+00
     -0.309558325245E-21     -0.109787343480E-20      0.000000000000E+00
      0.000000000000E+00      0.000000000000E+00      0.000000000000E+00
     atom #    2    pol.  1
      0.477685422873E-15     -0.977175225143E+01     -0.208321263263E-01
     -0.977175225143E+01     -0.311777264628E-14     -0.133443701130E-16
     -0.208321263263E-01     -0.147438391253E-16      0.000000000000E+00
     atom #    2    pol.  2
     -0.977175225143E+01     -0.282236754433E-14     -0.370542059368E-16
     -0.282236754433E-14      0.977175225143E+01     -0.208321263263E-01
     -0.370542059368E-16     -0.208321263263E-01      0.974579731877E-18
     atom #    2    pol.  3
      0.331249704996E+01      0.101258905949E-15      0.000000000000E+00
     -0.139690712957E-15      0.331249704996E+01     -0.311865514201E-16
      0.000000000000E+00     -0.311865514201E-16      0.660709635230E+00
     atom #    3    pol.  1
      0.000000000000E+00     -0.977175225143E+01      0.208321263263E-01
     -0.977175225143E+01     -0.251660109042E-15     -0.132455411211E-16
      0.208321263263E-01     -0.132455411211E-16      0.000000000000E+00
     atom #    3    pol.  2
     -0.977175225143E+01     -0.945922123142E-15     -0.124917718699E-16
     -0.945922123142E-15      0.977175225143E+01      0.208321263263E-01
     -0.124917718699E-16      0.208321263263E-01      0.000000000000E+00
     atom #    3    pol.  3
     -0.331249704996E+01     -0.101258905949E-15      0.000000000000E+00
      0.139690712957E-15     -0.331249704996E+01     -0.311865514201E-16
      0.000000000000E+00     -0.311865514201E-16     -0.660709635230E+00


     Representation #   1 mode #   1

     Self-consistent Calculation

      iter #   1 total cpu time :   209.8 secs   av.it.:   9.4
      thresh= 1.000E-02 alpha_mix =  0.400 |ddv_scf|^2 =  3.148E-05

      iter #   2 total cpu time :   210.8 secs   av.it.:  14.7
      thresh= 5.611E-04 alpha_mix =  0.400 |ddv_scf|^2 =  5.364E-05

      iter #   3 total cpu time :   211.9 secs   av.it.:  14.0
      thresh= 7.324E-04 alpha_mix =  0.400 |ddv_scf|^2 =  1.308E-06

      iter #   4 total cpu time :   212.9 secs   av.it.:  14.1
      thresh= 1.144E-04 alpha_mix =  0.400 |ddv_scf|^2 =  8.314E-10

      iter #   5 total cpu time :   214.0 secs   av.it.:  14.7
      thresh= 2.883E-06 alpha_mix =  0.400 |ddv_scf|^2 =  6.217E-11

      iter #   6 total cpu time :   215.1 secs   av.it.:  15.3
      thresh= 7.885E-07 alpha_mix =  0.400 |ddv_scf|^2 =  3.123E-12

      iter #   7 total cpu time :   216.2 secs   av.it.:  15.9
      thresh= 1.767E-07 alpha_mix =  0.400 |ddv_scf|^2 =  4.538E-14

      iter #   8 total cpu time :   217.3 secs   av.it.:  15.7
      thresh= 2.130E-08 alpha_mix =  0.400 |ddv_scf|^2 =  4.677E-15

      iter #   9 total cpu time :   218.5 secs   av.it.:  16.5
      thresh= 6.839E-09 alpha_mix =  0.400 |ddv_scf|^2 =  2.803E-16

     End of self-consistent calculation

     Convergence has been achieved 


     Representation #   2 modes #   2   3

     Self-consistent Calculation

      iter #   1 total cpu time :   219.9 secs   av.it.:   8.8
      thresh= 1.000E-02 alpha_mix =  0.400 |ddv_scf|^2 =  7.007E-09

      iter #   2 total cpu time :   222.3 secs   av.it.:  18.7
      thresh= 8.371E-06 alpha_mix =  0.400 |ddv_scf|^2 =  4.558E-10

      iter #   3 total cpu time :   224.8 secs   av.it.:  19.6
      thresh= 2.135E-06 alpha_mix =  0.400 |ddv_scf|^2 =  3.156E-12

      iter #   4 total cpu time :   227.3 secs   av.it.:  19.7
      thresh= 1.777E-07 alpha_mix =  0.400 |ddv_scf|^2 =  2.932E-13

      iter #   5 total cpu time :   229.8 secs   av.it.:  19.7
      thresh= 5.415E-08 alpha_mix =  0.400 |ddv_scf|^2 =  4.657E-15

      iter #   6 total cpu time :   232.3 secs   av.it.:  19.7
      thresh= 6.824E-09 alpha_mix =  0.400 |ddv_scf|^2 =  4.051E-16

     End of self-consistent calculation

     Convergence has been achieved 


     Representation #   3 modes #   4   5

     Self-consistent Calculation

      iter #   1 total cpu time :   234.0 secs   av.it.:  10.1
      thresh= 1.000E-02 alpha_mix =  0.400 |ddv_scf|^2 =  1.205E-07

      iter #   2 total cpu time :   236.3 secs   av.it.:  17.7
      thresh= 3.471E-05 alpha_mix =  0.400 |ddv_scf|^2 =  7.448E-09

      iter #   3 total cpu time :   238.7 secs   av.it.:  18.6
      thresh= 8.630E-06 alpha_mix =  0.400 |ddv_scf|^2 =  2.893E-11

      iter #   4 total cpu time :   241.2 secs   av.it.:  19.4
      thresh= 5.379E-07 alpha_mix =  0.400 |ddv_scf|^2 =  1.455E-12

      iter #   5 total cpu time :   243.7 secs   av.it.:  19.7
      thresh= 1.206E-07 alpha_mix =  0.400 |ddv_scf|^2 =  2.162E-14

      iter #   6 total cpu time :   246.1 secs   av.it.:  19.3
      thresh= 1.470E-08 alpha_mix =  0.400 |ddv_scf|^2 =  3.493E-15

      iter #   7 total cpu time :   248.6 secs   av.it.:  19.9
      thresh= 5.910E-09 alpha_mix =  0.400 |ddv_scf|^2 =  4.499E-17

     End of self-consistent calculation

     Convergence has been achieved 


     Representation #   4 mode #   6

     Self-consistent Calculation

      iter #   1 total cpu time :   249.7 secs   av.it.:  11.3
      thresh= 1.000E-02 alpha_mix =  0.400 |ddv_scf|^2 =  1.752E-03

      iter #   2 total cpu time :   250.7 secs   av.it.:  13.8
      thresh= 4.186E-03 alpha_mix =  0.400 |ddv_scf|^2 =  2.118E-02

      iter #   3 total cpu time :   251.7 secs   av.it.:  12.7
      thresh= 1.000E-02 alpha_mix =  0.400 |ddv_scf|^2 =  6.852E-06

      iter #   4 total cpu time :   252.7 secs   av.it.:  13.2
      thresh= 2.618E-04 alpha_mix =  0.400 |ddv_scf|^2 =  4.112E-08

      iter #   5 total cpu time :   253.7 secs   av.it.:  14.5
      thresh= 2.028E-05 alpha_mix =  0.400 |ddv_scf|^2 =  1.268E-10

      iter #   6 total cpu time :   254.9 secs   av.it.:  16.3
      thresh= 1.126E-06 alpha_mix =  0.400 |ddv_scf|^2 =  6.311E-10

      iter #   7 total cpu time :   255.9 secs   av.it.:  14.0
      thresh= 2.512E-06 alpha_mix =  0.400 |ddv_scf|^2 =  5.055E-12

      iter #   8 total cpu time :   256.9 secs   av.it.:  14.4
      thresh= 2.248E-07 alpha_mix =  0.400 |ddv_scf|^2 =  1.799E-12

      iter #   9 total cpu time :   258.0 secs   av.it.:  14.3
      thresh= 1.341E-07 alpha_mix =  0.400 |ddv_scf|^2 =  1.473E-15

      iter #  10 total cpu time :   259.1 secs   av.it.:  16.0
      thresh= 3.839E-09 alpha_mix =  0.400 |ddv_scf|^2 =  7.529E-17

     End of self-consistent calculation

     Convergence has been achieved 


     Representation #   5 mode #   7

     Self-consistent Calculation

      iter #   1 total cpu time :   260.0 secs   av.it.:   9.5
      thresh= 1.000E-02 alpha_mix =  0.400 |ddv_scf|^2 =  2.530E-04

      iter #   2 total cpu time :   261.0 secs   av.it.:  13.5
      thresh= 1.591E-03 alpha_mix =  0.400 |ddv_scf|^2 =  2.594E-03

      iter #   3 total cpu time :   261.9 secs   av.it.:  12.0
      thresh= 5.093E-03 alpha_mix =  0.400 |ddv_scf|^2 =  5.513E-06

      iter #   4 total cpu time :   262.9 secs   av.it.:  12.2
      thresh= 2.348E-04 alpha_mix =  0.400 |ddv_scf|^2 =  7.837E-11

      iter #   5 total cpu time :   264.0 secs   av.it.:  15.9
      thresh= 8.853E-07 alpha_mix =  0.400 |ddv_scf|^2 =  1.781E-10

      iter #   6 total cpu time :   265.1 secs   av.it.:  14.5
      thresh= 1.335E-06 alpha_mix =  0.400 |ddv_scf|^2 =  7.037E-12

      iter #   7 total cpu time :   266.1 secs   av.it.:  14.8
      thresh= 2.653E-07 alpha_mix =  0.400 |ddv_scf|^2 =  4.998E-13

      iter #   8 total cpu time :   267.2 secs   av.it.:  14.8
      thresh= 7.070E-08 alpha_mix =  0.400 |ddv_scf|^2 =  2.743E-15

      iter #   9 total cpu time :   268.4 secs   av.it.:  16.7
      thresh= 5.237E-09 alpha_mix =  0.400 |ddv_scf|^2 =  1.783E-14

      iter #  10 total cpu time :   269.4 secs   av.it.:  13.2
      thresh= 1.335E-08 alpha_mix =  0.400 |ddv_scf|^2 =  3.211E-17

     End of self-consistent calculation

     Convergence has been achieved 


     Representation #   6 modes #   8   9

     Self-consistent Calculation

      iter #   1 total cpu time :   270.9 secs   av.it.:   8.6
      thresh= 1.000E-02 alpha_mix =  0.400 |ddv_scf|^2 =  5.629E-09

      iter #   2 total cpu time :   273.5 secs   av.it.:  18.3
      thresh= 7.503E-06 alpha_mix =  0.400 |ddv_scf|^2 =  4.514E-10

      iter #   3 total cpu time :   276.0 secs   av.it.:  19.3
      thresh= 2.125E-06 alpha_mix =  0.400 |ddv_scf|^2 =  2.212E-12

      iter #   4 total cpu time :   278.5 secs   av.it.:  19.7
      thresh= 1.487E-07 alpha_mix =  0.400 |ddv_scf|^2 =  1.905E-14

      iter #   5 total cpu time :   280.9 secs   av.it.:  18.8
      thresh= 1.380E-08 alpha_mix =  0.400 |ddv_scf|^2 =  3.059E-15

      iter #   6 total cpu time :   283.4 secs   av.it.:  19.8
      thresh= 5.531E-09 alpha_mix =  0.400 |ddv_scf|^2 =  5.242E-17

     End of self-consistent calculation

     Convergence has been achieved 
 
     Number of q in the star =    1
     List of q in the star:
          1   0.000000000   0.000000000   0.000000000

          Dielectric constant in cartesian axis 

          (       5.630569574      -0.000000000       0.000000000 )
          (      -0.000000000       5.630569574      -0.000000000 )
          (       0.000000000      -0.000000000       1.266717961 )

          Effective charges (d Force / dE) in cartesian axis

           atom      1   Mo 
      Ex  (       -1.05051        0.00000        0.00000 )
      Ey  (       -0.00000       -1.05051        0.00000 )
      Ez  (        0.00000       -0.00000       -0.07966 )
           atom      2   S  
      Ex  (        0.52764        0.00000        0.00000 )
      Ey  (        0.00000        0.52764        0.00000 )
      Ez  (        0.00000       -0.00000        0.04173 )
           atom      3   S  
      Ex  (        0.52764        0.00000       -0.00000 )
      Ey  (        0.00000        0.52764       -0.00000 )
      Ez  (        0.00000        0.00000        0.04173 )

     Diagonalizing the dynamical matrix

     q = (    0.000000000   0.000000000   0.000000000 ) 

 **************************************************************************
     freq (    1) =      -0.173159 [THz] =      -5.775977 [cm-1]
     freq (    2) =       0.247364 [THz] =       8.251180 [cm-1]
     freq (    3) =       0.247364 [THz] =       8.251180 [cm-1]
     freq (    4) =       8.137886 [THz] =     271.450674 [cm-1]
     freq (    5) =       8.137886 [THz] =     271.450674 [cm-1]
     freq (    6) =      10.963162 [THz] =     365.691712 [cm-1]
     freq (    7) =      10.963162 [THz] =     365.691712 [cm-1]
     freq (    8) =      11.719113 [THz] =     390.907536 [cm-1]
     freq (    9) =      13.453653 [THz] =     448.765549 [cm-1]
 **************************************************************************

     Mode symmetry, D_3h (-62m) point group:

     freq (   1-   1) =         -5.8  [cm-1]   --> A''2            I  
     freq (   2-   3) =          8.3  [cm-1]   --> E'              I+R
     freq (   4-   5) =        271.5  [cm-1]   --> E''             R  
     freq (   6-   7) =        365.7  [cm-1]   --> E'              I+R
     freq (   8-   8) =        390.9  [cm-1]   --> A'_1            R  
     freq (   9-   9) =        448.8  [cm-1]   --> A''2            I  
 
     PHONON       :   4m30.85s CPU   4m43.55s WALL

     INITIALIZATION: 
     phq_setup    :      0.00s CPU      0.01s WALL (       1 calls)
     phq_init     :      0.24s CPU      0.25s WALL (       1 calls)
 
     phq_init     :      0.24s CPU      0.25s WALL (       1 calls)
     init_vloc    :      0.07s CPU      0.07s WALL (       1 calls)
     init_us_1    :      0.01s CPU      0.01s WALL (       1 calls)
 
     DIELECTRIC CONSTANT AND EFFECTIVE CHARGES:
     solve_e      :     31.48s CPU     33.09s WALL (       1 calls)
     dielec       :      0.00s CPU      0.01s WALL (       1 calls)
     zstar_eu     :      0.46s CPU      0.48s WALL (       1 calls)
 
     RAMAN COEFFICIENTS, THIRD-ORDER CHI:
     dhdrhopsi    :     77.92s CPU     80.52s WALL (       1 calls)
     el_opt       :      0.01s CPU      0.02s WALL (       1 calls)
     dvpsi_e2     :      1.45s CPU      1.52s WALL (       1 calls)
     solve_e2     :     85.49s CPU     89.73s WALL (       1 calls)
 
     DYNAMICAL MATRIX:
     dynmat0      :      0.05s CPU      0.05s WALL (       1 calls)
     phqscf       :     71.35s CPU     74.59s WALL (       1 calls)
     dynmatrix    :      0.00s CPU      0.00s WALL (       1 calls)
 
     phqscf       :     71.35s CPU     74.59s WALL (       1 calls)
     solve_linter :     71.26s CPU     74.39s WALL (       6 calls)
     drhodv       :      0.09s CPU      0.10s WALL (       6 calls)
 
     dynmat0      :      0.05s CPU      0.05s WALL (       1 calls)
     dynmat_us    :      0.05s CPU      0.05s WALL (       1 calls)
     d2ionq       :      0.01s CPU      0.01s WALL (       1 calls)
 
     dynmat_us    :      0.05s CPU      0.05s WALL (       1 calls)
 
     phqscf       :     71.35s CPU     74.59s WALL (       1 calls)
     solve_linter :     71.26s CPU     74.39s WALL (       6 calls)
 
     solve_linter :     71.26s CPU     74.39s WALL (       6 calls)
     dvqpsi_us    :      2.61s CPU      2.70s WALL (    1026 calls)
     ortho        :      0.23s CPU      0.24s WALL (    2242 calls)
     cgsolve      :    221.18s CPU    228.02s WALL (    4180 calls)
     incdrhoscf   :      7.50s CPU      7.91s WALL (    3439 calls)
     vpsifft      :      2.43s CPU      2.58s WALL (    1102 calls)
     dv_of_drho   :      0.32s CPU      0.34s WALL (     190 calls)
     mix_pot      :      0.69s CPU      0.76s WALL (      72 calls)
     psymdvscf    :      9.59s CPU      9.67s WALL (      48 calls)
 
     dvqpsi_us    :      2.61s CPU      2.70s WALL (    1026 calls)
     dvqpsi_us_on :      0.26s CPU      0.27s WALL (    1026 calls)
 
     cgsolve      :    221.18s CPU    228.02s WALL (    4180 calls)
     ch_psi       :    215.21s CPU    221.84s WALL (  121110 calls)
 
     ch_psi       :    215.21s CPU    221.84s WALL (  121110 calls)
     h_psi        :    203.12s CPU    209.55s WALL (  148374 calls)
     last         :     14.88s CPU     15.35s WALL (  121110 calls)
 
     h_psi        :    203.12s CPU    209.55s WALL (  148374 calls)
     add_vuspsi   :      5.05s CPU      5.23s WALL (  148374 calls)
 
     incdrhoscf   :      7.50s CPU      7.91s WALL (    3439 calls)
 
 
      General routines
     calbec       :     15.45s CPU     15.97s WALL (  300079 calls)
     fft          :      0.48s CPU      0.53s WALL (     952 calls)
     ffts         :      0.20s CPU      0.21s WALL (    1458 calls)
     fftw         :    182.72s CPU    188.85s WALL ( 2520263 calls)
     davcio       :      0.58s CPU      1.07s WALL (   14302 calls)
     write_rec    :      0.03s CPU      2.33s WALL (      78 calls)
 
 
     PHONON       :   4m30.85s CPU   4m43.55s WALL

 
   This run was terminated on:  17: 1:18  27Sep2025            

=------------------------------------------------------------------------------=
   JOB DONE.
=------------------------------------------------------------------------------=
