MPI startup(): Warning: I_MPI_PMI_LIBRARY will be ignored since the hydra process manager was found
MPI startup(): Warning: I_MPI_PMI_LIBRARY will be ignored since the hydra process manager was found
MPI startup(): Warning: I_MPI_PMI_LIBRARY will be ignored since the hydra process manager was found
MPI startup(): Warning: I_MPI_PMI_LIBRARY will be ignored since the hydra process manager was found
MPI startup(): Warning: I_MPI_PMI_LIBRARY will be ignored since the hydra process manager was found
MPI startup(): Warning: I_MPI_PMI_LIBRARY will be ignored since the hydra process manager was found
MPI startup(): Warning: I_MPI_PMI_LIBRARY will be ignored since the hydra process manager was found
MPI startup(): Warning: I_MPI_PMI_LIBRARY will be ignored since the hydra process manager was found
MPI startup(): Warning: I_MPI_PMI_LIBRARY will be ignored since the hydra process manager was found
MPI startup(): Warning: I_MPI_PMI_LIBRARY will be ignored since the hydra process manager was found
MPI startup(): Warning: I_MPI_PMI_LIBRARY will be ignored since the hydra process manager was found
MPI startup(): Warning: I_MPI_PMI_LIBRARY will be ignored since the hydra process manager was found

     Program DYNMAT v.6.8 starts on 27Sep2025 at 17: 1:24 

     This program is part of the open-source Quantum ESPRESSO suite
     for quantum simulation of materials; please cite
         "P. Giannozzi et al., J. Phys.:Condens. Matter 21 395502 (2009);
         "P. Giannozzi et al., J. Phys.:Condens. Matter 29 465901 (2017);
         "P. Giannozzi et al., J. Chem. Phys. 152 154105 (2020);
          URL http://www.quantum-espresso.org", 
     in publications or presentations arising from this work. More details at
     http://www.quantum-espresso.org/quote

     Parallel version (MPI & OpenMP), running on      12 processor cores
     Number of MPI processes:                12
     Threads/MPI process:                     1

     MPI processes distributed on     1 nodes
     R & G space division:  proc/nbgrp/npool/nimage =      12
     170545 MiB available memory on the printing compute node when the environment starts
 

     Reading Dynamical Matrix from file x0.000y0.000s1.020.dynG
     ...Force constants read
     ...epsilon and Z* read
     ...Raman cross sections read
     A direction for q was not specified:TO-LO splitting will be absent

     Polarizability (A^3 units)
     multiply by 0.480809 for Clausius-Mossotti correction
        65.856751    0.000000    0.000000
         0.000000   65.856751    0.000000
         0.000000    0.000000    3.692837

     IR activities are in (D/A)^2/amu units
     Raman activities are in A^4/amu units
     multiply Raman by 0.231177 for Clausius-Mossotti correction

# mode   [cm-1]    [THz]      IR          Raman   depol.fact
    1     -0.00   -0.0000    0.0000         0.0000    0.7369
    2      0.00    0.0000    0.0000         0.0041    0.7500
    3      0.00    0.0000    0.0000         0.0041    0.7500
    4    267.75    8.0270    0.0000         0.0045    0.7500
    5    267.75    8.0270    0.0000         0.0045    0.7500
    6    359.91   10.7899    0.6201       259.2938    0.7500
    7    359.91   10.7899    0.6201       259.2938    0.7500
    8    389.43   11.6749    0.0000         0.4940    0.0732
    9    443.68   13.3013    0.0041         0.0000    0.7424
 
     DYNMAT       :      0.00s CPU      0.02s WALL

 
   This run was terminated on:  17: 1:24  27Sep2025            

=------------------------------------------------------------------------------=
   JOB DONE.
=------------------------------------------------------------------------------=
