MPI startup(): Warning: I_MPI_PMI_LIBRARY will be ignored since the hydra process manager was found
MPI startup(): Warning: I_MPI_PMI_LIBRARY will be ignored since the hydra process manager was found
MPI startup(): Warning: I_MPI_PMI_LIBRARY will be ignored since the hydra process manager was found
MPI startup(): Warning: I_MPI_PMI_LIBRARY will be ignored since the hydra process manager was found
MPI startup(): Warning: I_MPI_PMI_LIBRARY will be ignored since the hydra process manager was found
MPI startup(): Warning: I_MPI_PMI_LIBRARY will be ignored since the hydra process manager was found
MPI startup(): Warning: I_MPI_PMI_LIBRARY will be ignored since the hydra process manager was found
MPI startup(): Warning: I_MPI_PMI_LIBRARY will be ignored since the hydra process manager was found
MPI startup(): Warning: I_MPI_PMI_LIBRARY will be ignored since the hydra process manager was found
MPI startup(): Warning: I_MPI_PMI_LIBRARY will be ignored since the hydra process manager was found
MPI startup(): Warning: I_MPI_PMI_LIBRARY will be ignored since the hydra process manager was found
MPI startup(): Warning: I_MPI_PMI_LIBRARY will be ignored since the hydra process manager was found

     Program DYNMAT v.6.8 starts on 27Sep2025 at 17: 1:23 

     This program is part of the open-source Quantum ESPRESSO suite
     for quantum simulation of materials; please cite
         "P. Giannozzi et al., J. Phys.:Condens. Matter 21 395502 (2009);
         "P. Giannozzi et al., J. Phys.:Condens. Matter 29 465901 (2017);
         "P. Giannozzi et al., J. Chem. Phys. 152 154105 (2020);
          URL http://www.quantum-espresso.org", 
     in publications or presentations arising from this work. More details at
     http://www.quantum-espresso.org/quote

     Parallel version (MPI & OpenMP), running on      12 processor cores
     Number of MPI processes:                12
     Threads/MPI process:                     1

     MPI processes distributed on     1 nodes
     R & G space division:  proc/nbgrp/npool/nimage =      12
     157384 MiB available memory on the printing compute node when the environment starts
 

     Reading Dynamical Matrix from file x0.000y0.000s1.010.dynG
     ...Force constants read
     ...epsilon and Z* read
     ...Raman cross sections read
     A direction for q was not specified:TO-LO splitting will be absent

     Polarizability (A^3 units)
     multiply by 0.485755 for Clausius-Mossotti correction
        63.258453    0.000000    0.000000
         0.000000   63.258453    0.000000
         0.000000    0.000000    3.643648

     IR activities are in (D/A)^2/amu units
     Raman activities are in A^4/amu units
     multiply Raman by 0.235958 for Clausius-Mossotti correction

# mode   [cm-1]    [THz]      IR          Raman   depol.fact
    1     -0.00   -0.0000    0.0000         0.0038    0.7500
    2     -0.00   -0.0000    0.0000         0.0001    0.7500
    3      0.00    0.0000    0.0000         0.0039    0.7500
    4    271.10    8.1273    0.0000         0.0006    0.7500
    5    271.10    8.1273    0.0000         0.0006    0.7500
    6    365.54   10.9587    0.6644       210.1688    0.7500
    7    365.54   10.9587    0.6644       210.1688    0.7500
    8    390.90   11.7189    0.0000        19.6277    0.0719
    9    448.79   13.4543    0.0039         0.0000    0.2212
 
     DYNMAT       :      0.00s CPU      0.03s WALL

 
   This run was terminated on:  17: 1:23  27Sep2025            

=------------------------------------------------------------------------------=
   JOB DONE.
=------------------------------------------------------------------------------=
