MPI startup(): Warning: I_MPI_PMI_LIBRARY will be ignored since the hydra process manager was found
MPI startup(): Warning: I_MPI_PMI_LIBRARY will be ignored since the hydra process manager was found
MPI startup(): Warning: I_MPI_PMI_LIBRARY will be ignored since the hydra process manager was found
MPI startup(): Warning: I_MPI_PMI_LIBRARY will be ignored since the hydra process manager was found
MPI startup(): Warning: I_MPI_PMI_LIBRARY will be ignored since the hydra process manager was found
MPI startup(): Warning: I_MPI_PMI_LIBRARY will be ignored since the hydra process manager was found
MPI startup(): Warning: I_MPI_PMI_LIBRARY will be ignored since the hydra process manager was found
MPI startup(): Warning: I_MPI_PMI_LIBRARY will be ignored since the hydra process manager was found
MPI startup(): Warning: I_MPI_PMI_LIBRARY will be ignored since the hydra process manager was found
MPI startup(): Warning: I_MPI_PMI_LIBRARY will be ignored since the hydra process manager was found
MPI startup(): Warning: I_MPI_PMI_LIBRARY will be ignored since the hydra process manager was found
MPI startup(): Warning: I_MPI_PMI_LIBRARY will be ignored since the hydra process manager was found

     Program PHONON v.6.8 starts on 27Sep2025 at 16:56:40 

     This program is part of the open-source Quantum ESPRESSO suite
     for quantum simulation of materials; please cite
         "P. Giannozzi et al., J. Phys.:Condens. Matter 21 395502 (2009);
         "P. Giannozzi et al., J. Phys.:Condens. Matter 29 465901 (2017);
         "P. Giannozzi et al., J. Chem. Phys. 152 154105 (2020);
          URL http://www.quantum-espresso.org", 
     in publications or presentations arising from this work. More details at
     http://www.quantum-espresso.org/quote

     Parallel version (MPI & OpenMP), running on      12 processor cores
     Number of MPI processes:                12
     Threads/MPI process:                     1

     MPI processes distributed on     1 nodes
     R & G space division:  proc/nbgrp/npool/nimage =      12
     170557 MiB available memory on the printing compute node when the environment starts
 
     Reading input from x0.000y0.000s1.020.ph.in

     Reading xml data from directory:

     /tmp/x0.000y0.000s1.020/x0.000y0.000s1.020.save/

     IMPORTANT: XC functional enforced from input :
     Exchange-correlation= PZ
                           (   1   1   0   0   0   0   0)
     Any further DFT definition will be discarded
     Please, verify this is what you really want

 
     Parallelization info
     --------------------
     sticks:   dense  smooth     PW     G-vecs:    dense   smooth      PW
     Min          96      42     13                15846     4686     764
     Max          97      43     15                15879     4715     781
     Sum        1159     511    163               190391    56413    9287
 
     Using Slab Decomposition
 
 ----2D----2D----2D----2D----2D----2D----2D----2D----2D----2D----2D----2D
  The code is running with the 2D cutoff
  Please refer to:
  Sohier, T., Calandra, M., & Mauri, F. (2017), 
  Density functional perturbation theory for gated two-dimensional heterostructu
 res:
  Theoretical developments and application to flexural phonons in graphene.
  Physical Review B, 96(7), 75448. https://doi.org/10.1103/PhysRevB.96.075448
 ----2D----2D----2D----2D----2D----2D----2D----2D----2D----2D----2D----2D
     Reading collected, re-writing distributed wavefunctions

     Calculation of q =    0.0000000   0.0000000   0.0000000

     Dielectric properties of x0.000y0.000s1.020 alloy at Gamma                 

     bravais-lattice index     =            0
     lattice parameter (alat)  =       6.1417  a.u.
     unit-cell volume          =    1181.5394 (a.u.)^3
     number of atoms/cell      =            3
     number of atomic types    =            2
     kinetic-energy cut-off    =      50.0000  Ry
     charge density cut-off    =     450.0000  Ry
     convergence threshold     =      1.0E-15
     beta                      =       0.4000
     number of iterations used =            4
     Exchange-correlation= PZ
                           (   1   1   0   0   0   0   0)


     celldm(1)=    6.14167  celldm(2)=    0.00000  celldm(3)=    0.00000
     celldm(4)=    0.00000  celldm(5)=    0.00000  celldm(6)=    0.00000

     crystal axes: (cart. coord. in units of alat)
               a(1) = (  1.0000  0.0000  0.0000 )  
               a(2) = ( -0.5000  0.8660  0.0000 )  
               a(3) = (  0.0000  0.0000  5.8892 )  

     reciprocal axes: (cart. coord. in units 2 pi/alat)
               b(1) = (  1.0000  0.5774  0.0000 )  
               b(2) = (  0.0000  1.1547  0.0000 )  
               b(3) = (  0.0000  0.0000  0.1698 )  


     Atoms inside the unit cell: 

     Cartesian axes

     site n.  atom      mass           positions (alat units)
        1     Mo  95.9500   tau(    1) = (    0.00000    0.00000    2.94461  )
        2     S   32.0600   tau(    2) = (    0.50000    0.28868    3.42163  )
        3     S   32.0600   tau(    3) = (    0.50000    0.28868    2.46760  )

     Computing dynamical matrix for 
                    q = (   0.0000000   0.0000000   0.0000000 )
 
     13 Sym.Ops. (with q -> -q+G )


     G cutoff =  429.9577  (  15879 G-vectors)     FFT grid: ( 45, 45,250)
     G cutoff =  191.0923  (   4692 G-vectors)  smooth grid: ( 27, 27,180)
     number of k points=    19
                       cart. coord. in units 2pi/alat
        k(    1) = (   0.0000000   0.0000000   0.0000000), wk =   0.0138889
        k(    2) = (   0.0000000   0.0962250   0.0000000), wk =   0.0833333
        k(    3) = (   0.0000000   0.1924501   0.0000000), wk =   0.0833333
        k(    4) = (   0.0000000   0.2886751   0.0000000), wk =   0.0833333
        k(    5) = (   0.0000000   0.3849002   0.0000000), wk =   0.0833333
        k(    6) = (   0.0000000   0.4811252   0.0000000), wk =   0.0833333
        k(    7) = (   0.0000000  -0.5773503   0.0000000), wk =   0.0416667
        k(    8) = (   0.0833333   0.1443376   0.0000000), wk =   0.0833333
        k(    9) = (   0.0833333   0.2405626   0.0000000), wk =   0.1666667
        k(   10) = (   0.0833333   0.3367877   0.0000000), wk =   0.1666667
        k(   11) = (   0.0833333   0.4330127   0.0000000), wk =   0.1666667
        k(   12) = (   0.0833333   0.5292377   0.0000000), wk =   0.1666667
        k(   13) = (   0.1666667   0.2886751   0.0000000), wk =   0.0833333
        k(   14) = (   0.1666667   0.3849002   0.0000000), wk =   0.1666667
        k(   15) = (   0.1666667   0.4811252   0.0000000), wk =   0.1666667
        k(   16) = (   0.1666667   0.5773503   0.0000000), wk =   0.0833333
        k(   17) = (   0.2500000   0.4330127   0.0000000), wk =   0.0833333
        k(   18) = (   0.2500000   0.5292377   0.0000000), wk =   0.1666667
        k(   19) = (   0.3333333   0.5773503   0.0000000), wk =   0.0277778

     PseudoPot. # 1 for Mo read from file:
     /home/theory/phrrpq/sg15_oncv_upf_2020-02-06/Mo_ONCV_PBE-1.2.upf
     MD5 check sum: 2665c9f4159700498d9a5f7573bd8e9f
     Pseudo is Norm-conserving, Zval = 14.0
     Generated using ONCVPSP code by D. R. Hamann
     Using radial grid of  602 points,  6 beta functions with: 
                l(1) =   0
                l(2) =   0
                l(3) =   1
                l(4) =   1
                l(5) =   2
                l(6) =   2

     PseudoPot. # 2 for S  read from file:
     /home/theory/phrrpq/sg15_oncv_upf_2020-02-06/S_ONCV_PBE-1.2.upf
     MD5 check sum: f9d020296ee6110346977bfd66d424f6
     Pseudo is Norm-conserving, Zval =  6.0
     Generated using ONCVPSP code by D. R. Hamann
     Using radial grid of  602 points,  4 beta functions with: 
                l(1) =   0
                l(2) =   0
                l(3) =   1
                l(4) =   1

     Mode symmetry, D_3h (-62m) point group:


     Electric field:
     Dielectric constant
     Born effective charges as d Force / d E
     Raman tensor
     Electro-optic tensor


     Atomic displacements:
     There are    6 irreducible representations

     Representation     1      1 modes -  To be done

     Representation     2      2 modes -  To be done

     Representation     3      2 modes -  To be done

     Representation     4      1 modes -  To be done

     Representation     5      1 modes -  To be done

     Representation     6      2 modes -  To be done



     Alpha used in Ewald sum =   2.8000
     PHONON       :      0.44s CPU      1.04s WALL


     Electric Fields Calculation

      iter #   1 total cpu time :     8.3 secs   av.it.:  10.8
      thresh= 1.000E-02 alpha_mix =  0.400 |ddv_scf|^2 =  7.306E-04

      iter #   2 total cpu time :    10.7 secs   av.it.:  12.2
      thresh= 2.703E-03 alpha_mix =  0.400 |ddv_scf|^2 =  7.628E-03

      iter #   3 total cpu time :    12.3 secs   av.it.:   6.8
      thresh= 8.734E-03 alpha_mix =  0.400 |ddv_scf|^2 =  3.492E-06

      iter #   4 total cpu time :    14.9 secs   av.it.:  13.6
      thresh= 1.869E-04 alpha_mix =  0.400 |ddv_scf|^2 =  4.729E-08

      iter #   5 total cpu time :    17.8 secs   av.it.:  15.3
      thresh= 2.175E-05 alpha_mix =  0.400 |ddv_scf|^2 =  7.298E-11

      iter #   6 total cpu time :    21.1 secs   av.it.:  18.0
      thresh= 8.543E-07 alpha_mix =  0.400 |ddv_scf|^2 =  1.723E-10

      iter #   7 total cpu time :    24.0 secs   av.it.:  15.6
      thresh= 1.312E-06 alpha_mix =  0.400 |ddv_scf|^2 =  2.394E-12

      iter #   8 total cpu time :    27.1 secs   av.it.:  16.4
      thresh= 1.547E-07 alpha_mix =  0.400 |ddv_scf|^2 =  2.054E-14

      iter #   9 total cpu time :    30.4 secs   av.it.:  18.9
      thresh= 1.433E-08 alpha_mix =  0.400 |ddv_scf|^2 =  1.347E-15

      iter #  10 total cpu time :    33.8 secs   av.it.:  18.5
      thresh= 3.671E-09 alpha_mix =  0.400 |ddv_scf|^2 =  2.487E-16

     End of electric fields calculation

          Dielectric constant in cartesian axis 

          (       5.727048766      -0.000000000      -0.000000000 )
          (      -0.000000000       5.727048766      -0.000000000 )
          (       0.000000000       0.000000000       1.265292600 )

          Effective charges (d Force / dE) in cartesian axis

           atom      1   Mo 
      Ex  (       -1.01493        0.00000        0.00000 )
      Ey  (        0.00000       -1.01493        0.00000 )
      Ez  (        0.00000        0.00000       -0.08104 )
           atom      2   S  
      Ex  (        0.50965       -0.00000       -0.00000 )
      Ey  (       -0.00000        0.50965        0.00000 )
      Ez  (        0.00000        0.00000        0.04234 )
           atom      3   S  
      Ex  (        0.50965        0.00000        0.00000 )
      Ey  (       -0.00000        0.50965       -0.00000 )
      Ez  (        0.00000        0.00000        0.04234 )

     Calling punch_plot_e
     Writing on file  x0.000y0.000s1.020.drho                                                                                                                                                                                                                                         

     Computing Pc [DH,Drho] |psi> 

     Subspace diagonalization in iterative solution of the eigenvalue problem:
     one sub-group per band group will be used
     scalapack distributed-memory algorithm (size of sub-group:  3*  3 procs)


     Derivative coefficient:  0.001000    Threshold: 1.00E-12
     Non-scf  u_k: avg # of iterations = 19.5
     Non-scf Du_k: avg # of iterations = 43.8

          Dielectric constant from finite-differences

          (       5.726705710      -0.000000000      -0.000000000 )
          (      -0.000000000       5.726705710      -0.000000000 )
          (       0.000000000       0.000000000       1.265044289 )

              Electro-optic tensor is defined as 
            the derivative of the dielectric tensor 
              with respect to one electric field 
                 units are Rydberg a.u. 

            to obtain the static chi^2 multiply by 1/2  

            to convert to pm/Volt multiply per 2.7502  


          Electro-optic tensor in cartesian axis: 

          (       0.000000000       2.438125419       0.000000000 )
          (       2.438125419       0.000000000       0.000000000 )
          (       0.000000000       0.000000000      -0.000000000 )

          (       2.438125419       0.000000000       0.000000000 )
          (       0.000000000      -2.438125419       0.000000000 )
          (       0.000000000       0.000000000      -0.000000000 )

          (       0.000000000       0.000000000      -0.000000000 )
          (      -0.000000000      -0.000000000      -0.000000000 )
          (      -0.000000000      -0.000000000       0.000000000 )


          Electro-optic tensor: contribution #   1

          (       0.000000000       2.169051016       0.000000000 )
          (       2.169051016      -0.000000000      -0.000000000 )
          (       0.000000000      -0.000000000      -0.000000000 )

          (       2.169051016      -0.000000000      -0.000000000 )
          (      -0.000000000      -2.169051016      -0.000000000 )
          (      -0.000000000      -0.000000000      -0.000000000 )

          (       0.000000000      -0.000000000      -0.000000000 )
          (      -0.000000000      -0.000000000      -0.000000000 )
          (      -0.000000000      -0.000000000       0.000000000 )


          Electro-optic tensor: contribution #   2

          (       0.000000000       0.269074404      -0.000000000 )
          (       0.269074404       0.000000000      -0.000000000 )
          (      -0.000000000      -0.000000000       0.000000000 )

          (       0.269074404       0.000000000      -0.000000000 )
          (       0.000000000      -0.269074404      -0.000000000 )
          (      -0.000000000      -0.000000000       0.000000000 )

          (       0.000000000       0.000000000       0.000000000 )
          (      -0.000000000      -0.000000000       0.000000000 )
          (       0.000000000       0.000000000       0.000000000 )


     Computing Second order response 


      iter #   1   av.it.:  14.6
      thresh= 1.000E-02 alpha_mix =  0.400 |ddv_scf|^2 =  2.463E-04


      iter #   2   av.it.:  16.2
      thresh= 1.570E-03 alpha_mix =  0.400 |ddv_scf|^2 =  6.426E-04


      iter #   3   av.it.:  13.6
      thresh= 2.535E-03 alpha_mix =  0.400 |ddv_scf|^2 =  8.179E-06


      iter #   4   av.it.:  16.8
      thresh= 2.860E-04 alpha_mix =  0.400 |ddv_scf|^2 =  1.235E-06


      iter #   5   av.it.:  16.2
      thresh= 1.111E-04 alpha_mix =  0.400 |ddv_scf|^2 =  5.367E-08


      iter #   6   av.it.:  17.2
      thresh= 2.317E-05 alpha_mix =  0.400 |ddv_scf|^2 =  4.470E-10


      iter #   7   av.it.:  18.3
      thresh= 2.114E-06 alpha_mix =  0.400 |ddv_scf|^2 =  3.725E-11


      iter #   8   av.it.:  17.8
      thresh= 6.103E-07 alpha_mix =  0.400 |ddv_scf|^2 =  5.399E-12


      iter #   9   av.it.:  17.0
      thresh= 2.324E-07 alpha_mix =  0.400 |ddv_scf|^2 =  7.064E-13


      iter #  10   av.it.:  18.1
      thresh= 8.405E-08 alpha_mix =  0.400 |ddv_scf|^2 =  1.539E-13


      iter #  11   av.it.:  19.0
      thresh= 3.922E-08 alpha_mix =  0.400 |ddv_scf|^2 =  2.701E-14


      iter #  12   av.it.:  17.6
      thresh= 1.644E-08 alpha_mix =  0.400 |ddv_scf|^2 =  1.523E-15


      iter #  13   av.it.:  18.9
      thresh= 3.903E-09 alpha_mix =  0.400 |ddv_scf|^2 =  1.360E-15


      iter #  14   av.it.:  17.0
      thresh= 3.688E-09 alpha_mix =  0.400 |ddv_scf|^2 =  1.311E-16

          Raman tensor (au^-1) in cartesian axis 

           atom      1
          (       0.000000000       0.831417552       0.000000000 )
          (       0.831417552       0.000000000       0.000000000 )
          (       0.000000000       0.000000000       0.000000000 )

          (       0.831417552       0.000000000       0.000000000 )
          (       0.000000000      -0.831417552       0.000000000 )
          (       0.000000000       0.000000000       0.000000000 )

          (       0.000000000       0.000000000       0.000000000 )
          (       0.000000000      -0.000000000       0.000000000 )
          (       0.000000000       0.000000000       0.000000000 )

           atom      2
          (      -0.000000000      -0.412349013      -0.002230415 )
          (      -0.412349013      -0.000000000      -0.000000000 )
          (      -0.002230415      -0.000000000       0.000000000 )

          (      -0.412349013      -0.000000000      -0.000000000 )
          (      -0.000000000       0.412349013      -0.002230415 )
          (      -0.000000000      -0.002230415       0.000000000 )

          (       0.009236117       0.000000000       0.000000000 )
          (       0.000000000       0.009236117       0.000000000 )
          (       0.000000000       0.000000000       0.025355780 )

           atom      3
          (      -0.000000000      -0.412349013       0.002230415 )
          (      -0.412349013      -0.000000000       0.000000000 )
          (       0.002230415       0.000000000       0.000000000 )

          (      -0.412349013       0.000000000      -0.000000000 )
          (       0.000000000       0.412349013       0.002230415 )
          (      -0.000000000       0.002230415       0.000000000 )

          (      -0.009236117      -0.000000000       0.000000000 )
          (      -0.000000000      -0.009236117       0.000000000 )
          (       0.000000000       0.000000000      -0.025355780 )


     Raman tensor (A^2)

     atom #    1    pol.  1
      0.000000000000E+00      0.218907072863E+02      0.000000000000E+00
      0.218907072863E+02      0.916186508759E-14      0.159422232540E-21
      0.000000000000E+00      0.159422232540E-21      0.000000000000E+00
     atom #    1    pol.  2
      0.218907072863E+02      0.183095103805E-14      0.113873023243E-21
      0.228316363910E-14     -0.218907072863E+02      0.210382785993E-21
      0.113873023243E-21      0.210382785993E-21      0.000000000000E+00
     atom #    1    pol.  3
      0.000000000000E+00      0.145757469751E-20      0.000000000000E+00
      0.145757469751E-20     -0.841531143970E-21      0.000000000000E+00
      0.000000000000E+00      0.000000000000E+00      0.000000000000E+00
     atom #    2    pol.  1
     -0.487191367471E-15     -0.108568931657E+02     -0.587254396872E-01
     -0.108568931657E+02     -0.182387295001E-14     -0.152059262191E-17
     -0.587254396872E-01     -0.152059262191E-17      0.000000000000E+00
     atom #    2    pol.  2
     -0.108568931657E+02     -0.114359447501E-14     -0.224289624461E-16
     -0.114359447501E-14      0.108568931657E+02     -0.587254396872E-01
     -0.290214640201E-16     -0.587254396872E-01      0.380157738005E-18
     atom #    2    pol.  3
      0.243181226083E+00      0.296075994801E-18      0.000000000000E+00
      0.296075994801E-18      0.243181226083E+00      0.000000000000E+00
      0.000000000000E+00      0.000000000000E+00      0.667601917869E+00
     atom #    3    pol.  1
     -0.487191367471E-15     -0.108568931657E+02      0.587254396872E-01
     -0.108568931657E+02     -0.362298847597E-15      0.152059262191E-17
      0.587254396872E-01      0.152059262191E-17      0.000000000000E+00
     atom #    3    pol.  2
     -0.108568931657E+02      0.200566003034E-14     -0.276613669364E-16
      0.200566003034E-14      0.108568931657E+02      0.587254396872E-01
     -0.276613669364E-16      0.587254396872E-01      0.380157738005E-18
     atom #    3    pol.  3
     -0.243181226083E+00     -0.296075994801E-18      0.000000000000E+00
     -0.296075994801E-18     -0.243181226083E+00      0.000000000000E+00
      0.000000000000E+00      0.000000000000E+00     -0.667601917869E+00


     Representation #   1 mode #   1

     Self-consistent Calculation

      iter #   1 total cpu time :   208.4 secs   av.it.:   9.4
      thresh= 1.000E-02 alpha_mix =  0.400 |ddv_scf|^2 =  2.907E-05

      iter #   2 total cpu time :   209.5 secs   av.it.:  14.7
      thresh= 5.392E-04 alpha_mix =  0.400 |ddv_scf|^2 =  4.727E-05

      iter #   3 total cpu time :   210.5 secs   av.it.:  14.2
      thresh= 6.875E-04 alpha_mix =  0.400 |ddv_scf|^2 =  1.258E-06

      iter #   4 total cpu time :   211.5 secs   av.it.:  14.2
      thresh= 1.122E-04 alpha_mix =  0.400 |ddv_scf|^2 =  8.019E-10

      iter #   5 total cpu time :   212.6 secs   av.it.:  14.8
      thresh= 2.832E-06 alpha_mix =  0.400 |ddv_scf|^2 =  5.883E-11

      iter #   6 total cpu time :   213.6 secs   av.it.:  15.4
      thresh= 7.670E-07 alpha_mix =  0.400 |ddv_scf|^2 =  2.915E-12

      iter #   7 total cpu time :   214.7 secs   av.it.:  16.0
      thresh= 1.707E-07 alpha_mix =  0.400 |ddv_scf|^2 =  5.251E-14

      iter #   8 total cpu time :   215.9 secs   av.it.:  15.7
      thresh= 2.291E-08 alpha_mix =  0.400 |ddv_scf|^2 =  4.624E-15

      iter #   9 total cpu time :   217.0 secs   av.it.:  16.6
      thresh= 6.800E-09 alpha_mix =  0.400 |ddv_scf|^2 =  2.158E-16

     End of self-consistent calculation

     Convergence has been achieved 


     Representation #   2 modes #   2   3

     Self-consistent Calculation

      iter #   1 total cpu time :   218.5 secs   av.it.:   8.8
      thresh= 1.000E-02 alpha_mix =  0.400 |ddv_scf|^2 =  7.275E-09

      iter #   2 total cpu time :   220.9 secs   av.it.:  18.7
      thresh= 8.529E-06 alpha_mix =  0.400 |ddv_scf|^2 =  4.564E-10

      iter #   3 total cpu time :   223.4 secs   av.it.:  19.7
      thresh= 2.136E-06 alpha_mix =  0.400 |ddv_scf|^2 =  3.248E-12

      iter #   4 total cpu time :   225.9 secs   av.it.:  19.9
      thresh= 1.802E-07 alpha_mix =  0.400 |ddv_scf|^2 =  3.012E-13

      iter #   5 total cpu time :   228.3 secs   av.it.:  19.8
      thresh= 5.488E-08 alpha_mix =  0.400 |ddv_scf|^2 =  4.877E-15

      iter #   6 total cpu time :   230.8 secs   av.it.:  19.8
      thresh= 6.983E-09 alpha_mix =  0.400 |ddv_scf|^2 =  4.214E-16

     End of self-consistent calculation

     Convergence has been achieved 


     Representation #   3 modes #   4   5

     Self-consistent Calculation

      iter #   1 total cpu time :   232.4 secs   av.it.:  10.6
      thresh= 1.000E-02 alpha_mix =  0.400 |ddv_scf|^2 =  1.219E-07

      iter #   2 total cpu time :   234.8 secs   av.it.:  18.6
      thresh= 3.491E-05 alpha_mix =  0.400 |ddv_scf|^2 =  7.337E-09

      iter #   3 total cpu time :   237.3 secs   av.it.:  19.4
      thresh= 8.566E-06 alpha_mix =  0.400 |ddv_scf|^2 =  2.972E-11

      iter #   4 total cpu time :   239.9 secs   av.it.:  20.3
      thresh= 5.452E-07 alpha_mix =  0.400 |ddv_scf|^2 =  1.504E-12

      iter #   5 total cpu time :   242.3 secs   av.it.:  20.4
      thresh= 1.227E-07 alpha_mix =  0.400 |ddv_scf|^2 =  2.131E-14

      iter #   6 total cpu time :   244.8 secs   av.it.:  19.9
      thresh= 1.460E-08 alpha_mix =  0.400 |ddv_scf|^2 =  3.643E-15

      iter #   7 total cpu time :   247.3 secs   av.it.:  20.6
      thresh= 6.035E-09 alpha_mix =  0.400 |ddv_scf|^2 =  4.784E-17

     End of self-consistent calculation

     Convergence has been achieved 


     Representation #   4 mode #   6

     Self-consistent Calculation

      iter #   1 total cpu time :   248.4 secs   av.it.:  11.4
      thresh= 1.000E-02 alpha_mix =  0.400 |ddv_scf|^2 =  1.625E-03

      iter #   2 total cpu time :   249.4 secs   av.it.:  13.9
      thresh= 4.031E-03 alpha_mix =  0.400 |ddv_scf|^2 =  1.875E-02

      iter #   3 total cpu time :   250.3 secs   av.it.:  12.7
      thresh= 1.000E-02 alpha_mix =  0.400 |ddv_scf|^2 =  6.044E-06

      iter #   4 total cpu time :   251.3 secs   av.it.:  13.3
      thresh= 2.458E-04 alpha_mix =  0.400 |ddv_scf|^2 =  2.571E-08

      iter #   5 total cpu time :   252.4 secs   av.it.:  14.6
      thresh= 1.603E-05 alpha_mix =  0.400 |ddv_scf|^2 =  2.012E-10

      iter #   6 total cpu time :   253.5 secs   av.it.:  16.2
      thresh= 1.419E-06 alpha_mix =  0.400 |ddv_scf|^2 =  5.890E-10

      iter #   7 total cpu time :   254.6 secs   av.it.:  14.0
      thresh= 2.427E-06 alpha_mix =  0.400 |ddv_scf|^2 =  3.775E-12

      iter #   8 total cpu time :   255.6 secs   av.it.:  14.6
      thresh= 1.943E-07 alpha_mix =  0.400 |ddv_scf|^2 =  1.955E-12

      iter #   9 total cpu time :   256.6 secs   av.it.:  14.3
      thresh= 1.398E-07 alpha_mix =  0.400 |ddv_scf|^2 =  2.120E-15

      iter #  10 total cpu time :   257.7 secs   av.it.:  15.7
      thresh= 4.604E-09 alpha_mix =  0.400 |ddv_scf|^2 =  9.939E-17

     End of self-consistent calculation

     Convergence has been achieved 


     Representation #   5 mode #   7

     Self-consistent Calculation

      iter #   1 total cpu time :   258.6 secs   av.it.:   9.5
      thresh= 1.000E-02 alpha_mix =  0.400 |ddv_scf|^2 =  2.358E-04

      iter #   2 total cpu time :   259.6 secs   av.it.:  13.6
      thresh= 1.535E-03 alpha_mix =  0.400 |ddv_scf|^2 =  2.304E-03

      iter #   3 total cpu time :   260.5 secs   av.it.:  12.0
      thresh= 4.800E-03 alpha_mix =  0.400 |ddv_scf|^2 =  5.001E-06

      iter #   4 total cpu time :   261.4 secs   av.it.:  12.2
      thresh= 2.236E-04 alpha_mix =  0.400 |ddv_scf|^2 =  2.576E-10

      iter #   5 total cpu time :   262.5 secs   av.it.:  15.2
      thresh= 1.605E-06 alpha_mix =  0.400 |ddv_scf|^2 =  1.923E-10

      iter #   6 total cpu time :   263.5 secs   av.it.:  14.6
      thresh= 1.387E-06 alpha_mix =  0.400 |ddv_scf|^2 =  5.244E-12

      iter #   7 total cpu time :   264.6 secs   av.it.:  14.9
      thresh= 2.290E-07 alpha_mix =  0.400 |ddv_scf|^2 =  5.683E-13

      iter #   8 total cpu time :   265.6 secs   av.it.:  14.8
      thresh= 7.539E-08 alpha_mix =  0.400 |ddv_scf|^2 =  3.797E-15

      iter #   9 total cpu time :   266.7 secs   av.it.:  16.5
      thresh= 6.162E-09 alpha_mix =  0.400 |ddv_scf|^2 =  1.675E-14

      iter #  10 total cpu time :   267.7 secs   av.it.:  13.2
      thresh= 1.294E-08 alpha_mix =  0.400 |ddv_scf|^2 =  5.312E-16

     End of self-consistent calculation

     Convergence has been achieved 


     Representation #   6 modes #   8   9

     Self-consistent Calculation

      iter #   1 total cpu time :   269.1 secs   av.it.:   8.6
      thresh= 1.000E-02 alpha_mix =  0.400 |ddv_scf|^2 =  5.767E-09

      iter #   2 total cpu time :   271.5 secs   av.it.:  18.3
      thresh= 7.594E-06 alpha_mix =  0.400 |ddv_scf|^2 =  4.532E-10

      iter #   3 total cpu time :   273.9 secs   av.it.:  19.3
      thresh= 2.129E-06 alpha_mix =  0.400 |ddv_scf|^2 =  2.244E-12

      iter #   4 total cpu time :   276.4 secs   av.it.:  19.6
      thresh= 1.498E-07 alpha_mix =  0.400 |ddv_scf|^2 =  2.015E-14

      iter #   5 total cpu time :   278.8 secs   av.it.:  18.9
      thresh= 1.419E-08 alpha_mix =  0.400 |ddv_scf|^2 =  3.165E-15

      iter #   6 total cpu time :   281.3 secs   av.it.:  19.7
      thresh= 5.626E-09 alpha_mix =  0.400 |ddv_scf|^2 =  6.143E-17

     End of self-consistent calculation

     Convergence has been achieved 
 
     Number of q in the star =    1
     List of q in the star:
          1   0.000000000   0.000000000   0.000000000

          Dielectric constant in cartesian axis 

          (       5.726705710      -0.000000000      -0.000000000 )
          (      -0.000000000       5.726705710      -0.000000000 )
          (       0.000000000       0.000000000       1.265044289 )

          Effective charges (d Force / dE) in cartesian axis

           atom      1   Mo 
      Ex  (       -1.01493        0.00000        0.00000 )
      Ey  (        0.00000       -1.01493        0.00000 )
      Ez  (        0.00000        0.00000       -0.08104 )
           atom      2   S  
      Ex  (        0.50965       -0.00000       -0.00000 )
      Ey  (       -0.00000        0.50965        0.00000 )
      Ez  (        0.00000        0.00000        0.04234 )
           atom      3   S  
      Ex  (        0.50965        0.00000        0.00000 )
      Ey  (       -0.00000        0.50965       -0.00000 )
      Ez  (        0.00000        0.00000        0.04234 )

     Diagonalizing the dynamical matrix

     q = (    0.000000000   0.000000000   0.000000000 ) 

 **************************************************************************
     freq (    1) =      -0.181207 [THz] =      -6.044420 [cm-1]
     freq (    2) =       0.215200 [THz] =       7.178301 [cm-1]
     freq (    3) =       0.215200 [THz] =       7.178301 [cm-1]
     freq (    4) =       8.038181 [THz] =     268.124855 [cm-1]
     freq (    5) =       8.038181 [THz] =     268.124855 [cm-1]
     freq (    6) =      10.794128 [THz] =     360.053361 [cm-1]
     freq (    7) =      10.794128 [THz] =     360.053361 [cm-1]
     freq (    8) =      11.676505 [THz] =     389.486269 [cm-1]
     freq (    9) =      13.300951 [THz] =     443.671958 [cm-1]
 **************************************************************************

     Mode symmetry, D_3h (-62m) point group:

     freq (   1-   1) =         -6.0  [cm-1]   --> A''2            I  
     freq (   2-   3) =          7.2  [cm-1]   --> E'              I+R
     freq (   4-   5) =        268.1  [cm-1]   --> E''             R  
     freq (   6-   7) =        360.1  [cm-1]   --> E'              I+R
     freq (   8-   8) =        389.5  [cm-1]   --> A'_1            R  
     freq (   9-   9) =        443.7  [cm-1]   --> A''2            I  
 
     PHONON       :   4m29.09s CPU   4m41.38s WALL

     INITIALIZATION: 
     phq_setup    :      0.00s CPU      0.01s WALL (       1 calls)
     phq_init     :      0.25s CPU      0.26s WALL (       1 calls)
 
     phq_init     :      0.25s CPU      0.26s WALL (       1 calls)
     init_vloc    :      0.07s CPU      0.07s WALL (       1 calls)
     init_us_1    :      0.01s CPU      0.01s WALL (       1 calls)
 
     DIELECTRIC CONSTANT AND EFFECTIVE CHARGES:
     solve_e      :     31.49s CPU     32.79s WALL (       1 calls)
     dielec       :      0.00s CPU      0.01s WALL (       1 calls)
     zstar_eu     :      0.45s CPU      0.47s WALL (       1 calls)
 
     RAMAN COEFFICIENTS, THIRD-ORDER CHI:
     dhdrhopsi    :     77.05s CPU     79.70s WALL (       1 calls)
     el_opt       :      0.01s CPU      0.02s WALL (       1 calls)
     dvpsi_e2     :      1.44s CPU      1.52s WALL (       1 calls)
     solve_e2     :     84.80s CPU     89.10s WALL (       1 calls)
 
     DYNAMICAL MATRIX:
     dynmat0      :      0.05s CPU      0.05s WALL (       1 calls)
     phqscf       :     71.10s CPU     73.74s WALL (       1 calls)
     dynmatrix    :      0.01s CPU      0.02s WALL (       1 calls)
 
     phqscf       :     71.10s CPU     73.74s WALL (       1 calls)
     solve_linter :     71.00s CPU     73.56s WALL (       6 calls)
     drhodv       :      0.09s CPU      0.10s WALL (       6 calls)
 
     dynmat0      :      0.05s CPU      0.05s WALL (       1 calls)
     dynmat_us    :      0.05s CPU      0.05s WALL (       1 calls)
     d2ionq       :      0.01s CPU      0.01s WALL (       1 calls)
 
     dynmat_us    :      0.05s CPU      0.05s WALL (       1 calls)
 
     phqscf       :     71.10s CPU     73.74s WALL (       1 calls)
     solve_linter :     71.00s CPU     73.56s WALL (       6 calls)
 
     solve_linter :     71.00s CPU     73.56s WALL (       6 calls)
     dvqpsi_us    :      2.59s CPU      2.68s WALL (    1026 calls)
     ortho        :      0.19s CPU      0.20s WALL (    2242 calls)
     cgsolve      :    220.11s CPU    226.84s WALL (    4180 calls)
     incdrhoscf   :      7.41s CPU      7.86s WALL (    3439 calls)
     vpsifft      :      2.34s CPU      2.48s WALL (    1102 calls)
     dv_of_drho   :      0.29s CPU      0.31s WALL (     190 calls)
     mix_pot      :      0.47s CPU      0.53s WALL (      72 calls)
     psymdvscf    :      9.53s CPU      9.65s WALL (      48 calls)
 
     dvqpsi_us    :      2.59s CPU      2.68s WALL (    1026 calls)
     dvqpsi_us_on :      0.24s CPU      0.25s WALL (    1026 calls)
 
     cgsolve      :    220.11s CPU    226.84s WALL (    4180 calls)
     ch_psi       :    214.40s CPU    220.92s WALL (  122249 calls)
 
     ch_psi       :    214.40s CPU    220.92s WALL (  122249 calls)
     h_psi        :    202.47s CPU    208.82s WALL (  149555 calls)
     last         :     14.88s CPU     15.35s WALL (  122249 calls)
 
     h_psi        :    202.47s CPU    208.82s WALL (  149555 calls)
     add_vuspsi   :      4.92s CPU      5.10s WALL (  149555 calls)
 
     incdrhoscf   :      7.41s CPU      7.86s WALL (    3439 calls)
 
 
      General routines
     calbec       :     14.64s CPU     15.14s WALL (  302443 calls)
     fft          :      0.50s CPU      0.75s WALL (     952 calls)
     ffts         :      0.19s CPU      0.20s WALL (    1458 calls)
     fftw         :    184.46s CPU    190.63s WALL ( 2534017 calls)
     davcio       :      0.52s CPU      0.82s WALL (   14302 calls)
     write_rec    :      0.02s CPU      1.76s WALL (      78 calls)
 
 
     PHONON       :   4m29.09s CPU   4m41.38s WALL

 
   This run was terminated on:  17: 1:21  27Sep2025            

=------------------------------------------------------------------------------=
   JOB DONE.
=------------------------------------------------------------------------------=
