MPI startup(): Warning: I_MPI_PMI_LIBRARY will be ignored since the hydra process manager was found
MPI startup(): Warning: I_MPI_PMI_LIBRARY will be ignored since the hydra process manager was found
MPI startup(): Warning: I_MPI_PMI_LIBRARY will be ignored since the hydra process manager was found
MPI startup(): Warning: I_MPI_PMI_LIBRARY will be ignored since the hydra process manager was found
MPI startup(): Warning: I_MPI_PMI_LIBRARY will be ignored since the hydra process manager was found
MPI startup(): Warning: I_MPI_PMI_LIBRARY will be ignored since the hydra process manager was found
MPI startup(): Warning: I_MPI_PMI_LIBRARY will be ignored since the hydra process manager was found
MPI startup(): Warning: I_MPI_PMI_LIBRARY will be ignored since the hydra process manager was found
MPI startup(): Warning: I_MPI_PMI_LIBRARY will be ignored since the hydra process manager was found
MPI startup(): Warning: I_MPI_PMI_LIBRARY will be ignored since the hydra process manager was found
MPI startup(): Warning: I_MPI_PMI_LIBRARY will be ignored since the hydra process manager was found
MPI startup(): Warning: I_MPI_PMI_LIBRARY will be ignored since the hydra process manager was found

     Program PHONON v.6.8 starts on 27Sep2025 at 16:56:41 

     This program is part of the open-source Quantum ESPRESSO suite
     for quantum simulation of materials; please cite
         "P. Giannozzi et al., J. Phys.:Condens. Matter 21 395502 (2009);
         "P. Giannozzi et al., J. Phys.:Condens. Matter 29 465901 (2017);
         "P. Giannozzi et al., J. Chem. Phys. 152 154105 (2020);
          URL http://www.quantum-espresso.org", 
     in publications or presentations arising from this work. More details at
     http://www.quantum-espresso.org/quote

     Parallel version (MPI & OpenMP), running on      12 processor cores
     Number of MPI processes:                12
     Threads/MPI process:                     1

     MPI processes distributed on     1 nodes
     R & G space division:  proc/nbgrp/npool/nimage =      12
     171497 MiB available memory on the printing compute node when the environment starts
 
     Reading input from x0.000y0.000s0.990.ph.in

     Reading xml data from directory:

     /tmp/x0.000y0.000s0.990/x0.000y0.000s0.990.save/

     IMPORTANT: XC functional enforced from input :
     Exchange-correlation= PZ
                           (   1   1   0   0   0   0   0)
     Any further DFT definition will be discarded
     Please, verify this is what you really want

 
     Parallelization info
     --------------------
     sticks:   dense  smooth     PW     G-vecs:    dense   smooth      PW
     Min          91      41     12                14919     4437     732
     Max          92      42     13                14940     4456     749
     Sum        1099     499    151               179195    53317    8891
 
     Using Slab Decomposition
 
 ----2D----2D----2D----2D----2D----2D----2D----2D----2D----2D----2D----2D
  The code is running with the 2D cutoff
  Please refer to:
  Sohier, T., Calandra, M., & Mauri, F. (2017), 
  Density functional perturbation theory for gated two-dimensional heterostructu
 res:
  Theoretical developments and application to flexural phonons in graphene.
  Physical Review B, 96(7), 75448. https://doi.org/10.1103/PhysRevB.96.075448
 ----2D----2D----2D----2D----2D----2D----2D----2D----2D----2D----2D----2D
     Reading collected, re-writing distributed wavefunctions

     Calculation of q =    0.0000000   0.0000000   0.0000000

     Dielectric properties of x0.000y0.000s0.990 alloy at Gamma                 

     bravais-lattice index     =            0
     lattice parameter (alat)  =       5.9610  a.u.
     unit-cell volume          =    1113.0592 (a.u.)^3
     number of atoms/cell      =            3
     number of atomic types    =            2
     kinetic-energy cut-off    =      50.0000  Ry
     charge density cut-off    =     450.0000  Ry
     convergence threshold     =      1.0E-15
     beta                      =       0.4000
     number of iterations used =            4
     Exchange-correlation= PZ
                           (   1   1   0   0   0   0   0)


     celldm(1)=    5.96103  celldm(2)=    0.00000  celldm(3)=    0.00000
     celldm(4)=    0.00000  celldm(5)=    0.00000  celldm(6)=    0.00000

     crystal axes: (cart. coord. in units of alat)
               a(1) = (  1.0000  0.0000  0.0000 )  
               a(2) = ( -0.5000  0.8660  0.0000 )  
               a(3) = (  0.0000  0.0000  6.0677 )  

     reciprocal axes: (cart. coord. in units 2 pi/alat)
               b(1) = (  1.0000  0.5774  0.0000 )  
               b(2) = (  0.0000  1.1547  0.0000 )  
               b(3) = (  0.0000  0.0000  0.1648 )  


     Atoms inside the unit cell: 

     Cartesian axes

     site n.  atom      mass           positions (alat units)
        1     Mo  95.9500   tau(    1) = (    0.00000    0.00000    3.03384  )
        2     S   32.0600   tau(    2) = (    0.50000    0.28868    3.53513  )
        3     S   32.0600   tau(    3) = (    0.50000    0.28868    2.53256  )

     Computing dynamical matrix for 
                    q = (   0.0000000   0.0000000   0.0000000 )
 
     13 Sym.Ops. (with q -> -q+G )


     G cutoff =  405.0380  (  14921 G-vectors)     FFT grid: ( 45, 45,250)
     G cutoff =  180.0169  (   4444 G-vectors)  smooth grid: ( 27, 27,180)
     number of k points=    19
                       cart. coord. in units 2pi/alat
        k(    1) = (   0.0000000   0.0000000   0.0000000), wk =   0.0138889
        k(    2) = (   0.0000000   0.0962250   0.0000000), wk =   0.0833333
        k(    3) = (   0.0000000   0.1924501   0.0000000), wk =   0.0833333
        k(    4) = (   0.0000000   0.2886751   0.0000000), wk =   0.0833333
        k(    5) = (   0.0000000   0.3849002   0.0000000), wk =   0.0833333
        k(    6) = (   0.0000000   0.4811252   0.0000000), wk =   0.0833333
        k(    7) = (   0.0000000  -0.5773503   0.0000000), wk =   0.0416667
        k(    8) = (   0.0833333   0.1443376   0.0000000), wk =   0.0833333
        k(    9) = (   0.0833333   0.2405626   0.0000000), wk =   0.1666667
        k(   10) = (   0.0833333   0.3367877   0.0000000), wk =   0.1666667
        k(   11) = (   0.0833333   0.4330127   0.0000000), wk =   0.1666667
        k(   12) = (   0.0833333   0.5292377   0.0000000), wk =   0.1666667
        k(   13) = (   0.1666667   0.2886751   0.0000000), wk =   0.0833333
        k(   14) = (   0.1666667   0.3849002   0.0000000), wk =   0.1666667
        k(   15) = (   0.1666667   0.4811252   0.0000000), wk =   0.1666667
        k(   16) = (   0.1666667   0.5773503   0.0000000), wk =   0.0833333
        k(   17) = (   0.2500000   0.4330127   0.0000000), wk =   0.0833333
        k(   18) = (   0.2500000   0.5292377   0.0000000), wk =   0.1666667
        k(   19) = (   0.3333333   0.5773503   0.0000000), wk =   0.0277778

     PseudoPot. # 1 for Mo read from file:
     /home/theory/phrrpq/sg15_oncv_upf_2020-02-06/Mo_ONCV_PBE-1.2.upf
     MD5 check sum: 2665c9f4159700498d9a5f7573bd8e9f
     Pseudo is Norm-conserving, Zval = 14.0
     Generated using ONCVPSP code by D. R. Hamann
     Using radial grid of  602 points,  6 beta functions with: 
                l(1) =   0
                l(2) =   0
                l(3) =   1
                l(4) =   1
                l(5) =   2
                l(6) =   2

     PseudoPot. # 2 for S  read from file:
     /home/theory/phrrpq/sg15_oncv_upf_2020-02-06/S_ONCV_PBE-1.2.upf
     MD5 check sum: f9d020296ee6110346977bfd66d424f6
     Pseudo is Norm-conserving, Zval =  6.0
     Generated using ONCVPSP code by D. R. Hamann
     Using radial grid of  602 points,  4 beta functions with: 
                l(1) =   0
                l(2) =   0
                l(3) =   1
                l(4) =   1

     Mode symmetry, D_3h (-62m) point group:


     Electric field:
     Dielectric constant
     Born effective charges as d Force / d E
     Raman tensor
     Electro-optic tensor


     Atomic displacements:
     There are    6 irreducible representations

     Representation     1      1 modes -  To be done

     Representation     2      2 modes -  To be done

     Representation     3      2 modes -  To be done

     Representation     4      1 modes -  To be done

     Representation     5      1 modes -  To be done

     Representation     6      2 modes -  To be done



     Alpha used in Ewald sum =   2.8000
     PHONON       :      0.40s CPU      0.60s WALL


     Electric Fields Calculation

      iter #   1 total cpu time :     7.2 secs   av.it.:  10.6
      thresh= 1.000E-02 alpha_mix =  0.400 |ddv_scf|^2 =  8.998E-04

      iter #   2 total cpu time :     9.5 secs   av.it.:  11.9
      thresh= 3.000E-03 alpha_mix =  0.400 |ddv_scf|^2 =  1.093E-02

      iter #   3 total cpu time :    11.0 secs   av.it.:   6.2
      thresh= 1.000E-02 alpha_mix =  0.400 |ddv_scf|^2 =  4.514E-06

      iter #   4 total cpu time :    13.4 secs   av.it.:  13.2
      thresh= 2.125E-04 alpha_mix =  0.400 |ddv_scf|^2 =  4.508E-08

      iter #   5 total cpu time :    16.1 secs   av.it.:  15.0
      thresh= 2.123E-05 alpha_mix =  0.400 |ddv_scf|^2 =  2.944E-11

      iter #   6 total cpu time :    19.2 secs   av.it.:  18.2
      thresh= 5.426E-07 alpha_mix =  0.400 |ddv_scf|^2 =  2.484E-10

      iter #   7 total cpu time :    21.9 secs   av.it.:  15.2
      thresh= 1.576E-06 alpha_mix =  0.400 |ddv_scf|^2 =  2.218E-12

      iter #   8 total cpu time :    24.8 secs   av.it.:  16.3
      thresh= 1.489E-07 alpha_mix =  0.400 |ddv_scf|^2 =  2.663E-14

      iter #   9 total cpu time :    28.0 secs   av.it.:  18.2
      thresh= 1.632E-08 alpha_mix =  0.400 |ddv_scf|^2 =  1.813E-15

      iter #  10 total cpu time :    31.1 secs   av.it.:  18.3
      thresh= 4.258E-09 alpha_mix =  0.400 |ddv_scf|^2 =  2.548E-16

     End of electric fields calculation

          Dielectric constant in cartesian axis 

          (       5.493766289       0.000000000       0.000000000 )
          (       0.000000000       5.493766289       0.000000000 )
          (       0.000000000      -0.000000000       1.270391309 )

          Effective charges (d Force / dE) in cartesian axis

           atom      1   Mo 
      Ex  (       -1.12716        0.00000        0.00000 )
      Ey  (       -0.00000       -1.12716        0.00000 )
      Ez  (        0.00000       -0.00000       -0.07578 )
           atom      2   S  
      Ex  (        0.56577        0.00000        0.00000 )
      Ey  (        0.00000        0.56577        0.00000 )
      Ez  (        0.00000       -0.00000        0.03969 )
           atom      3   S  
      Ex  (        0.56577        0.00000       -0.00000 )
      Ey  (        0.00000        0.56577        0.00000 )
      Ez  (        0.00000        0.00000        0.03969 )

     Calling punch_plot_e
     Writing on file  x0.000y0.000s0.990.drho                                                                                                                                                                                                                                         

     Computing Pc [DH,Drho] |psi> 

     Subspace diagonalization in iterative solution of the eigenvalue problem:
     one sub-group per band group will be used
     scalapack distributed-memory algorithm (size of sub-group:  3*  3 procs)


     Derivative coefficient:  0.001000    Threshold: 1.00E-12
     Non-scf  u_k: avg # of iterations = 19.7
     Non-scf Du_k: avg # of iterations = 43.7

          Dielectric constant from finite-differences

          (       5.493492734      -0.000000000       0.000000000 )
          (      -0.000000000       5.493492734       0.000000000 )
          (       0.000000000       0.000000000       1.270157455 )

              Electro-optic tensor is defined as 
            the derivative of the dielectric tensor 
              with respect to one electric field 
                 units are Rydberg a.u. 

            to obtain the static chi^2 multiply by 1/2  

            to convert to pm/Volt multiply per 2.7502  


          Electro-optic tensor in cartesian axis: 

          (       0.000000000       5.663499449      -0.000000000 )
          (       5.663499449       0.000000000      -0.000000000 )
          (      -0.000000000      -0.000000000       0.000000000 )

          (       5.663499449      -0.000000000      -0.000000000 )
          (      -0.000000000      -5.663499449       0.000000000 )
          (       0.000000000       0.000000000       0.000000000 )

          (      -0.000000000      -0.000000000       0.000000000 )
          (      -0.000000000      -0.000000000       0.000000000 )
          (       0.000000000       0.000000000       0.000000000 )


          Electro-optic tensor: contribution #   1

          (      -0.000000000       5.451919576       0.000000000 )
          (       5.451919576      -0.000000000       0.000000000 )
          (       0.000000000       0.000000000       0.000000000 )

          (       5.451919576       0.000000000      -0.000000000 )
          (       0.000000000      -5.451919576       0.000000000 )
          (      -0.000000000       0.000000000       0.000000000 )

          (       0.000000000       0.000000000       0.000000000 )
          (       0.000000000       0.000000000       0.000000000 )
          (       0.000000000       0.000000000       0.000000000 )


          Electro-optic tensor: contribution #   2

          (       0.000000000       0.211579873      -0.000000000 )
          (       0.211579873      -0.000000000      -0.000000000 )
          (       0.000000000       0.000000000       0.000000000 )

          (       0.211579873       0.000000000      -0.000000000 )
          (      -0.000000000      -0.211579873      -0.000000000 )
          (       0.000000000       0.000000000       0.000000000 )

          (       0.000000000       0.000000000       0.000000000 )
          (       0.000000000       0.000000000       0.000000000 )
          (       0.000000000       0.000000000       0.000000000 )


     Computing Second order response 


      iter #   1   av.it.:  14.2
      thresh= 1.000E-02 alpha_mix =  0.400 |ddv_scf|^2 =  1.811E-04


      iter #   2   av.it.:  16.1
      thresh= 1.346E-03 alpha_mix =  0.400 |ddv_scf|^2 =  4.902E-04


      iter #   3   av.it.:  13.5
      thresh= 2.214E-03 alpha_mix =  0.400 |ddv_scf|^2 =  8.420E-06


      iter #   4   av.it.:  16.4
      thresh= 2.902E-04 alpha_mix =  0.400 |ddv_scf|^2 =  1.001E-06


      iter #   5   av.it.:  16.1
      thresh= 1.000E-04 alpha_mix =  0.400 |ddv_scf|^2 =  7.767E-08


      iter #   6   av.it.:  16.5
      thresh= 2.787E-05 alpha_mix =  0.400 |ddv_scf|^2 =  5.219E-10


      iter #   7   av.it.:  17.7
      thresh= 2.284E-06 alpha_mix =  0.400 |ddv_scf|^2 =  5.848E-11


      iter #   8   av.it.:  17.6
      thresh= 7.647E-07 alpha_mix =  0.400 |ddv_scf|^2 =  1.328E-12


      iter #   9   av.it.:  18.1
      thresh= 1.152E-07 alpha_mix =  0.400 |ddv_scf|^2 =  2.516E-12


      iter #  10   av.it.:  15.8
      thresh= 1.586E-07 alpha_mix =  0.400 |ddv_scf|^2 =  1.708E-13


      iter #  11   av.it.:  18.6
      thresh= 4.132E-08 alpha_mix =  0.400 |ddv_scf|^2 =  4.567E-14


      iter #  12   av.it.:  17.0
      thresh= 2.137E-08 alpha_mix =  0.400 |ddv_scf|^2 =  1.101E-15


      iter #  13   av.it.:  18.6
      thresh= 3.318E-09 alpha_mix =  0.400 |ddv_scf|^2 =  1.465E-16

          Raman tensor (au^-1) in cartesian axis 

           atom      1
          (      -0.000000000       0.644986906       0.000000000 )
          (       0.644986906      -0.000000000       0.000000000 )
          (       0.000000000       0.000000000       0.000000000 )

          (       0.644986906      -0.000000000       0.000000000 )
          (      -0.000000000      -0.644986906       0.000000000 )
          (       0.000000000       0.000000000       0.000000000 )

          (       0.000000000       0.000000000       0.000000000 )
          (       0.000000000       0.000000000       0.000000000 )
          (       0.000000000       0.000000000       0.000000000 )

           atom      2
          (      -0.000000000      -0.319182984       0.001786165 )
          (      -0.319182984       0.000000000       0.000000000 )
          (       0.001786165       0.000000000      -0.000000000 )

          (      -0.319182984      -0.000000000       0.000000000 )
          (      -0.000000000       0.319182984       0.001786165 )
          (       0.000000000       0.001786165      -0.000000000 )

          (       0.390921593       0.000000000       0.000000000 )
          (       0.000000000       0.390921593       0.000000000 )
          (       0.000000000       0.000000000       0.026020531 )

           atom      3
          (      -0.000000000      -0.319182984      -0.001786165 )
          (      -0.319182984      -0.000000000       0.000000000 )
          (      -0.001786165       0.000000000      -0.000000000 )

          (      -0.319182984      -0.000000000      -0.000000000 )
          (      -0.000000000       0.319182984      -0.001786165 )
          (      -0.000000000      -0.001786165      -0.000000000 )

          (      -0.390921593      -0.000000000       0.000000000 )
          (      -0.000000000      -0.390921593       0.000000000 )
          (       0.000000000       0.000000000      -0.026020531 )


     Raman tensor (A^2)

     atom #    1    pol.  1
     -0.917908995114E-15      0.159978473679E+02      0.000000000000E+00
      0.159978473679E+02     -0.853545497222E-15      0.000000000000E+00
      0.000000000000E+00      0.000000000000E+00      0.000000000000E+00
     atom #    1    pol.  2
      0.159978473679E+02     -0.380840921926E-14      0.208236049068E-22
     -0.628679186735E-15     -0.159978473679E+02      0.204382736273E-21
      0.208236049068E-22      0.204382736273E-21      0.000000000000E+00
     atom #    1    pol.  3
      0.230832266850E-20      0.133271071403E-20      0.000000000000E+00
      0.133271071403E-20      0.769440889499E-21      0.000000000000E+00
      0.000000000000E+00      0.000000000000E+00      0.000000000000E+00
     atom #    2    pol.  1
     -0.688431746336E-15     -0.791681291086E+01      0.443029058692E-01
     -0.791681291086E+01      0.176233719359E-15      0.804392841870E-17
      0.443029058692E-01      0.266555540045E-17     -0.779118093603E-18
     atom #    2    pol.  2
     -0.791681291086E+01     -0.109562145661E-14      0.129817189336E-16
     -0.109562145661E-14      0.791681291086E+01      0.443029058692E-01
      0.152548868419E-16      0.443029058692E-01     -0.258648823616E-17
     atom #    2    pol.  3
      0.969617199715E+01      0.478544291119E-16      0.000000000000E+00
      0.478544291119E-16      0.969617199715E+01      0.000000000000E+00
      0.000000000000E+00      0.000000000000E+00      0.645396801192E+00
     atom #    3    pol.  1
     -0.229477248779E-15     -0.791681291086E+01     -0.443029058692E-01
     -0.791681291086E+01     -0.120062977331E-14      0.134695636543E-16
     -0.443029058692E-01      0.134695636543E-16     -0.779118093603E-18
     atom #    3    pol.  2
     -0.791681291086E+01     -0.130862298020E-14     -0.113176445305E-16
     -0.130862298020E-14      0.791681291086E+01     -0.443029058692E-01
     -0.821243942064E-17     -0.443029058692E-01     -0.899648082144E-18
     atom #    3    pol.  3
     -0.969617199715E+01     -0.478544291119E-16      0.000000000000E+00
     -0.478544291119E-16     -0.969617199715E+01      0.000000000000E+00
      0.000000000000E+00      0.000000000000E+00     -0.645396801192E+00


     Representation #   1 mode #   1

     Self-consistent Calculation

      iter #   1 total cpu time :   186.9 secs   av.it.:   9.4
      thresh= 1.000E-02 alpha_mix =  0.400 |ddv_scf|^2 =  3.711E-05

      iter #   2 total cpu time :   187.9 secs   av.it.:  14.5
      thresh= 6.092E-04 alpha_mix =  0.400 |ddv_scf|^2 =  6.995E-05

      iter #   3 total cpu time :   188.8 secs   av.it.:  13.9
      thresh= 8.364E-04 alpha_mix =  0.400 |ddv_scf|^2 =  1.441E-06

      iter #   4 total cpu time :   189.8 secs   av.it.:  13.9
      thresh= 1.200E-04 alpha_mix =  0.400 |ddv_scf|^2 =  8.881E-10

      iter #   5 total cpu time :   190.8 secs   av.it.:  14.4
      thresh= 2.980E-06 alpha_mix =  0.400 |ddv_scf|^2 =  7.210E-11

      iter #   6 total cpu time :   191.8 secs   av.it.:  15.0
      thresh= 8.491E-07 alpha_mix =  0.400 |ddv_scf|^2 =  3.415E-12

      iter #   7 total cpu time :   192.8 secs   av.it.:  15.6
      thresh= 1.848E-07 alpha_mix =  0.400 |ddv_scf|^2 =  3.637E-14

      iter #   8 total cpu time :   193.9 secs   av.it.:  15.9
      thresh= 1.907E-08 alpha_mix =  0.400 |ddv_scf|^2 =  4.369E-15

      iter #   9 total cpu time :   194.9 secs   av.it.:  16.2
      thresh= 6.610E-09 alpha_mix =  0.400 |ddv_scf|^2 =  4.474E-16

     End of self-consistent calculation

     Convergence has been achieved 


     Representation #   2 modes #   2   3

     Self-consistent Calculation

      iter #   1 total cpu time :   196.3 secs   av.it.:   8.6
      thresh= 1.000E-02 alpha_mix =  0.400 |ddv_scf|^2 =  6.477E-09

      iter #   2 total cpu time :   198.5 secs   av.it.:  18.6
      thresh= 8.048E-06 alpha_mix =  0.400 |ddv_scf|^2 =  4.518E-10

      iter #   3 total cpu time :   200.8 secs   av.it.:  19.5
      thresh= 2.126E-06 alpha_mix =  0.400 |ddv_scf|^2 =  2.980E-12

      iter #   4 total cpu time :   203.1 secs   av.it.:  19.7
      thresh= 1.726E-07 alpha_mix =  0.400 |ddv_scf|^2 =  2.746E-13

      iter #   5 total cpu time :   205.4 secs   av.it.:  19.4
      thresh= 5.241E-08 alpha_mix =  0.400 |ddv_scf|^2 =  4.091E-15

      iter #   6 total cpu time :   207.7 secs   av.it.:  19.6
      thresh= 6.396E-09 alpha_mix =  0.400 |ddv_scf|^2 =  3.797E-16

     End of self-consistent calculation

     Convergence has been achieved 


     Representation #   3 modes #   4   5

     Self-consistent Calculation

      iter #   1 total cpu time :   209.3 secs   av.it.:  10.1
      thresh= 1.000E-02 alpha_mix =  0.400 |ddv_scf|^2 =  1.176E-07

      iter #   2 total cpu time :   211.5 secs   av.it.:  18.1
      thresh= 3.429E-05 alpha_mix =  0.400 |ddv_scf|^2 =  7.660E-09

      iter #   3 total cpu time :   213.7 secs   av.it.:  19.0
      thresh= 8.752E-06 alpha_mix =  0.400 |ddv_scf|^2 =  2.737E-11

      iter #   4 total cpu time :   216.1 secs   av.it.:  19.9
      thresh= 5.231E-07 alpha_mix =  0.400 |ddv_scf|^2 =  1.349E-12

      iter #   5 total cpu time :   218.4 secs   av.it.:  19.9
      thresh= 1.161E-07 alpha_mix =  0.400 |ddv_scf|^2 =  2.214E-14

      iter #   6 total cpu time :   220.8 secs   av.it.:  19.8
      thresh= 1.488E-08 alpha_mix =  0.400 |ddv_scf|^2 =  3.216E-15

      iter #   7 total cpu time :   223.1 secs   av.it.:  20.2
      thresh= 5.671E-09 alpha_mix =  0.400 |ddv_scf|^2 =  3.974E-17

     End of self-consistent calculation

     Convergence has been achieved 


     Representation #   4 mode #   6

     Self-consistent Calculation

      iter #   1 total cpu time :   224.1 secs   av.it.:  11.4
      thresh= 1.000E-02 alpha_mix =  0.400 |ddv_scf|^2 =  2.054E-03

      iter #   2 total cpu time :   225.0 secs   av.it.:  13.8
      thresh= 4.532E-03 alpha_mix =  0.400 |ddv_scf|^2 =  2.749E-02

      iter #   3 total cpu time :   225.9 secs   av.it.:  12.8
      thresh= 1.000E-02 alpha_mix =  0.400 |ddv_scf|^2 =  8.818E-06

      iter #   4 total cpu time :   226.9 secs   av.it.:  13.0
      thresh= 2.969E-04 alpha_mix =  0.400 |ddv_scf|^2 =  9.483E-08

      iter #   5 total cpu time :   227.8 secs   av.it.:  14.1
      thresh= 3.079E-05 alpha_mix =  0.400 |ddv_scf|^2 =  9.436E-11

      iter #   6 total cpu time :   228.9 secs   av.it.:  16.1
      thresh= 9.714E-07 alpha_mix =  0.400 |ddv_scf|^2 =  7.173E-10

      iter #   7 total cpu time :   229.9 secs   av.it.:  13.6
      thresh= 2.678E-06 alpha_mix =  0.400 |ddv_scf|^2 =  9.297E-12

      iter #   8 total cpu time :   230.8 secs   av.it.:  13.9
      thresh= 3.049E-07 alpha_mix =  0.400 |ddv_scf|^2 =  1.290E-12

      iter #   9 total cpu time :   231.8 secs   av.it.:  14.4
      thresh= 1.136E-07 alpha_mix =  0.400 |ddv_scf|^2 =  6.508E-16

     End of self-consistent calculation

     Convergence has been achieved 


     Representation #   5 mode #   7

     Self-consistent Calculation

      iter #   1 total cpu time :   232.6 secs   av.it.:   9.4
      thresh= 1.000E-02 alpha_mix =  0.400 |ddv_scf|^2 =  2.941E-04

      iter #   2 total cpu time :   233.6 secs   av.it.:  13.6
      thresh= 1.715E-03 alpha_mix =  0.400 |ddv_scf|^2 =  3.351E-03

      iter #   3 total cpu time :   234.5 secs   av.it.:  11.9
      thresh= 5.789E-03 alpha_mix =  0.400 |ddv_scf|^2 =  6.790E-06

      iter #   4 total cpu time :   235.4 secs   av.it.:  12.1
      thresh= 2.606E-04 alpha_mix =  0.400 |ddv_scf|^2 =  2.756E-10

      iter #   5 total cpu time :   236.4 secs   av.it.:  14.7
      thresh= 1.660E-06 alpha_mix =  0.400 |ddv_scf|^2 =  1.402E-10

      iter #   6 total cpu time :   237.4 secs   av.it.:  14.5
      thresh= 1.184E-06 alpha_mix =  0.400 |ddv_scf|^2 =  1.534E-11

      iter #   7 total cpu time :   238.4 secs   av.it.:  14.2
      thresh= 3.917E-07 alpha_mix =  0.400 |ddv_scf|^2 =  5.297E-13

      iter #   8 total cpu time :   239.4 secs   av.it.:  14.6
      thresh= 7.278E-08 alpha_mix =  0.400 |ddv_scf|^2 =  2.284E-14

      iter #   9 total cpu time :   240.4 secs   av.it.:  13.7
      thresh= 1.511E-08 alpha_mix =  0.400 |ddv_scf|^2 =  1.502E-14

      iter #  10 total cpu time :   241.3 secs   av.it.:  13.5
      thresh= 1.225E-08 alpha_mix =  0.400 |ddv_scf|^2 =  5.772E-16

     End of self-consistent calculation

     Convergence has been achieved 


     Representation #   6 modes #   8   9

     Self-consistent Calculation

      iter #   1 total cpu time :   242.7 secs   av.it.:   8.4
      thresh= 1.000E-02 alpha_mix =  0.400 |ddv_scf|^2 =  5.342E-09

      iter #   2 total cpu time :   244.9 secs   av.it.:  17.9
      thresh= 7.309E-06 alpha_mix =  0.400 |ddv_scf|^2 =  4.454E-10

      iter #   3 total cpu time :   247.1 secs   av.it.:  18.9
      thresh= 2.111E-06 alpha_mix =  0.400 |ddv_scf|^2 =  2.154E-12

      iter #   4 total cpu time :   249.4 secs   av.it.:  19.2
      thresh= 1.468E-07 alpha_mix =  0.400 |ddv_scf|^2 =  1.764E-14

      iter #   5 total cpu time :   251.7 secs   av.it.:  18.5
      thresh= 1.328E-08 alpha_mix =  0.400 |ddv_scf|^2 =  2.832E-15

      iter #   6 total cpu time :   254.0 secs   av.it.:  19.6
      thresh= 5.321E-09 alpha_mix =  0.400 |ddv_scf|^2 =  3.867E-17

     End of self-consistent calculation

     Convergence has been achieved 
 
     Number of q in the star =    1
     List of q in the star:
          1   0.000000000   0.000000000   0.000000000

          Dielectric constant in cartesian axis 

          (       5.493492734      -0.000000000       0.000000000 )
          (      -0.000000000       5.493492734       0.000000000 )
          (       0.000000000       0.000000000       1.270157455 )

          Effective charges (d Force / dE) in cartesian axis

           atom      1   Mo 
      Ex  (       -1.12716        0.00000        0.00000 )
      Ey  (       -0.00000       -1.12716        0.00000 )
      Ez  (        0.00000       -0.00000       -0.07578 )
           atom      2   S  
      Ex  (        0.56577        0.00000        0.00000 )
      Ey  (        0.00000        0.56577        0.00000 )
      Ez  (        0.00000       -0.00000        0.03969 )
           atom      3   S  
      Ex  (        0.56577        0.00000       -0.00000 )
      Ey  (        0.00000        0.56577        0.00000 )
      Ez  (        0.00000        0.00000        0.03969 )

     Diagonalizing the dynamical matrix

     q = (    0.000000000   0.000000000   0.000000000 ) 

 **************************************************************************
     freq (    1) =      -0.081017 [THz] =      -2.702448 [cm-1]
     freq (    2) =       0.182280 [THz] =       6.080218 [cm-1]
     freq (    3) =       0.182280 [THz] =       6.080218 [cm-1]
     freq (    4) =       8.305794 [THz] =     277.051470 [cm-1]
     freq (    5) =       8.305794 [THz] =     277.051470 [cm-1]
     freq (    6) =      11.254744 [THz] =     375.417844 [cm-1]
     freq (    7) =      11.254744 [THz] =     375.417844 [cm-1]
     freq (    8) =      11.801730 [THz] =     393.663325 [cm-1]
     freq (    9) =      13.724584 [THz] =     457.802829 [cm-1]
 **************************************************************************

     Mode symmetry, D_3h (-62m) point group:

     freq (   1-   1) =         -2.7  [cm-1]   --> A''2            I  
     freq (   2-   3) =          6.1  [cm-1]   --> E'              I+R
     freq (   4-   5) =        277.1  [cm-1]   --> E''             R  
     freq (   6-   7) =        375.4  [cm-1]   --> E'              I+R
     freq (   8-   8) =        393.7  [cm-1]   --> A'_1            R  
     freq (   9-   9) =        457.8  [cm-1]   --> A''2            I  
 
     PHONON       :   4m 1.58s CPU   4m14.12s WALL

     INITIALIZATION: 
     phq_setup    :      0.00s CPU      0.01s WALL (       1 calls)
     phq_init     :      0.24s CPU      0.25s WALL (       1 calls)
 
     phq_init     :      0.24s CPU      0.25s WALL (       1 calls)
     init_vloc    :      0.06s CPU      0.06s WALL (       1 calls)
     init_us_1    :      0.01s CPU      0.01s WALL (       1 calls)
 
     DIELECTRIC CONSTANT AND EFFECTIVE CHARGES:
     solve_e      :     28.98s CPU     30.54s WALL (       1 calls)
     dielec       :      0.00s CPU      0.00s WALL (       1 calls)
     zstar_eu     :      0.43s CPU      0.44s WALL (       1 calls)
 
     RAMAN COEFFICIENTS, THIRD-ORDER CHI:
     dhdrhopsi    :     71.10s CPU     73.75s WALL (       1 calls)
     el_opt       :      0.01s CPU      0.02s WALL (       1 calls)
     dvpsi_e2     :      1.40s CPU      1.46s WALL (       1 calls)
     solve_e2     :     72.44s CPU     76.41s WALL (       1 calls)
 
     DYNAMICAL MATRIX:
     dynmat0      :      0.05s CPU      0.05s WALL (       1 calls)
     phqscf       :     64.69s CPU     68.00s WALL (       1 calls)
     dynmatrix    :      0.00s CPU      0.01s WALL (       1 calls)
 
     phqscf       :     64.69s CPU     68.00s WALL (       1 calls)
     solve_linter :     64.60s CPU     67.77s WALL (       6 calls)
     drhodv       :      0.09s CPU      0.09s WALL (       6 calls)
 
     dynmat0      :      0.05s CPU      0.05s WALL (       1 calls)
     dynmat_us    :      0.04s CPU      0.04s WALL (       1 calls)
     d2ionq       :      0.00s CPU      0.00s WALL (       1 calls)
 
     dynmat_us    :      0.04s CPU      0.04s WALL (       1 calls)
 
     phqscf       :     64.69s CPU     68.00s WALL (       1 calls)
     solve_linter :     64.60s CPU     67.77s WALL (       6 calls)
 
     solve_linter :     64.60s CPU     67.77s WALL (       6 calls)
     dvqpsi_us    :      2.43s CPU      2.50s WALL (    1026 calls)
     ortho        :      0.21s CPU      0.21s WALL (    2223 calls)
     cgsolve      :    196.07s CPU    202.55s WALL (    4047 calls)
     incdrhoscf   :      6.69s CPU      7.09s WALL (    3306 calls)
     vpsifft      :      2.16s CPU      2.29s WALL (    1083 calls)
     dv_of_drho   :      0.28s CPU      0.30s WALL (     183 calls)
     mix_pot      :      0.64s CPU      0.71s WALL (      70 calls)
     psymdvscf    :      9.41s CPU      9.52s WALL (      47 calls)
 
     dvqpsi_us    :      2.43s CPU      2.50s WALL (    1026 calls)
     dvqpsi_us_on :      0.24s CPU      0.25s WALL (    1026 calls)
 
     cgsolve      :    196.07s CPU    202.55s WALL (    4047 calls)
     ch_psi       :    190.84s CPU    197.12s WALL (  116394 calls)
 
     ch_psi       :    190.84s CPU    197.12s WALL (  116394 calls)
     h_psi        :    179.89s CPU    186.00s WALL (  144008 calls)
     last         :     13.47s CPU     13.93s WALL (  116394 calls)
 
     h_psi        :    179.89s CPU    186.00s WALL (  144008 calls)
     add_vuspsi   :      4.51s CPU      4.68s WALL (  144008 calls)
 
     incdrhoscf   :      6.69s CPU      7.09s WALL (    3306 calls)
 
 
      General routines
     calbec       :     13.92s CPU     14.43s WALL (  291344 calls)
     fft          :      0.41s CPU      0.47s WALL (     917 calls)
     ffts         :      0.18s CPU      0.18s WALL (    1444 calls)
     fftw         :    161.19s CPU    167.02s WALL ( 2436729 calls)
     davcio       :      0.51s CPU      0.81s WALL (   13864 calls)
     write_rec    :      0.03s CPU      2.66s WALL (      76 calls)
 
 
     PHONON       :   4m 1.58s CPU   4m14.12s WALL

 
   This run was terminated on:  17: 0:55  27Sep2025            

=------------------------------------------------------------------------------=
   JOB DONE.
=------------------------------------------------------------------------------=
