MPI startup(): Warning: I_MPI_PMI_LIBRARY will be ignored since the hydra process manager was found
MPI startup(): Warning: I_MPI_PMI_LIBRARY will be ignored since the hydra process manager was found
MPI startup(): Warning: I_MPI_PMI_LIBRARY will be ignored since the hydra process manager was found
MPI startup(): Warning: I_MPI_PMI_LIBRARY will be ignored since the hydra process manager was found
MPI startup(): Warning: I_MPI_PMI_LIBRARY will be ignored since the hydra process manager was found
MPI startup(): Warning: I_MPI_PMI_LIBRARY will be ignored since the hydra process manager was found
MPI startup(): Warning: I_MPI_PMI_LIBRARY will be ignored since the hydra process manager was found
MPI startup(): Warning: I_MPI_PMI_LIBRARY will be ignored since the hydra process manager was found
MPI startup(): Warning: I_MPI_PMI_LIBRARY will be ignored since the hydra process manager was found
MPI startup(): Warning: I_MPI_PMI_LIBRARY will be ignored since the hydra process manager was found
MPI startup(): Warning: I_MPI_PMI_LIBRARY will be ignored since the hydra process manager was found
MPI startup(): Warning: I_MPI_PMI_LIBRARY will be ignored since the hydra process manager was found

     Program PHONON v.6.8 starts on 27Sep2025 at 16:56:42 

     This program is part of the open-source Quantum ESPRESSO suite
     for quantum simulation of materials; please cite
         "P. Giannozzi et al., J. Phys.:Condens. Matter 21 395502 (2009);
         "P. Giannozzi et al., J. Phys.:Condens. Matter 29 465901 (2017);
         "P. Giannozzi et al., J. Chem. Phys. 152 154105 (2020);
          URL http://www.quantum-espresso.org", 
     in publications or presentations arising from this work. More details at
     http://www.quantum-espresso.org/quote

     Parallel version (MPI & OpenMP), running on      12 processor cores
     Number of MPI processes:                12
     Threads/MPI process:                     1

     MPI processes distributed on     1 nodes
     R & G space division:  proc/nbgrp/npool/nimage =      12
     169907 MiB available memory on the printing compute node when the environment starts
 
     Reading input from x0.000y0.000s1.000.ph.in

     Reading xml data from directory:

     /tmp/x0.000y0.000s1.000/x0.000y0.000s1.000.save/

     IMPORTANT: XC functional enforced from input :
     Exchange-correlation= PZ
                           (   1   1   0   0   0   0   0)
     Any further DFT definition will be discarded
     Please, verify this is what you really want

 
     Parallelization info
     --------------------
     sticks:   dense  smooth     PW     G-vecs:    dense   smooth      PW
     Min          94      41     12                15268     4509     742
     Max          95      42     13                15281     4540     763
     Sum        1135     499    151               183287    54301    9047
 
     Using Slab Decomposition
 
 ----2D----2D----2D----2D----2D----2D----2D----2D----2D----2D----2D----2D
  The code is running with the 2D cutoff
  Please refer to:
  Sohier, T., Calandra, M., & Mauri, F. (2017), 
  Density functional perturbation theory for gated two-dimensional heterostructu
 res:
  Theoretical developments and application to flexural phonons in graphene.
  Physical Review B, 96(7), 75448. https://doi.org/10.1103/PhysRevB.96.075448
 ----2D----2D----2D----2D----2D----2D----2D----2D----2D----2D----2D----2D
     Reading collected, re-writing distributed wavefunctions

     Calculation of q =    0.0000000   0.0000000   0.0000000

     Dielectric properties of x0.000y0.000s1.000 alloy at Gamma                 

     bravais-lattice index     =            0
     lattice parameter (alat)  =       6.0212  a.u.
     unit-cell volume          =    1135.6588 (a.u.)^3
     number of atoms/cell      =            3
     number of atomic types    =            2
     kinetic-energy cut-off    =      50.0000  Ry
     charge density cut-off    =     450.0000  Ry
     convergence threshold     =      1.0E-15
     beta                      =       0.4000
     number of iterations used =            4
     Exchange-correlation= PZ
                           (   1   1   0   0   0   0   0)


     celldm(1)=    6.02124  celldm(2)=    0.00000  celldm(3)=    0.00000
     celldm(4)=    0.00000  celldm(5)=    0.00000  celldm(6)=    0.00000

     crystal axes: (cart. coord. in units of alat)
               a(1) = (  1.0000  0.0000  0.0000 )  
               a(2) = ( -0.5000  0.8660  0.0000 )  
               a(3) = (  0.0000  0.0000  6.0070 )  

     reciprocal axes: (cart. coord. in units 2 pi/alat)
               b(1) = (  1.0000  0.5774  0.0000 )  
               b(2) = (  0.0000  1.1547  0.0000 )  
               b(3) = (  0.0000  0.0000  0.1665 )  


     Atoms inside the unit cell: 

     Cartesian axes

     site n.  atom      mass           positions (alat units)
        1     Mo  95.9500   tau(    1) = (    0.00000    0.00000    3.00351  )
        2     S   32.0600   tau(    2) = (    0.50000    0.28868    3.49642  )
        3     S   32.0600   tau(    3) = (    0.50000    0.28868    2.51059  )

     Computing dynamical matrix for 
                    q = (   0.0000000   0.0000000   0.0000000 )
 
     13 Sym.Ops. (with q -> -q+G )


     G cutoff =  413.2619  (  15270 G-vectors)     FFT grid: ( 45, 45,250)
     G cutoff =  183.6719  (   4534 G-vectors)  smooth grid: ( 27, 27,180)
     number of k points=    19
                       cart. coord. in units 2pi/alat
        k(    1) = (   0.0000000   0.0000000   0.0000000), wk =   0.0138889
        k(    2) = (   0.0000000   0.0962250   0.0000000), wk =   0.0833333
        k(    3) = (   0.0000000   0.1924501   0.0000000), wk =   0.0833333
        k(    4) = (   0.0000000   0.2886751   0.0000000), wk =   0.0833333
        k(    5) = (   0.0000000   0.3849002   0.0000000), wk =   0.0833333
        k(    6) = (   0.0000000   0.4811252   0.0000000), wk =   0.0833333
        k(    7) = (   0.0000000  -0.5773503   0.0000000), wk =   0.0416667
        k(    8) = (   0.0833333   0.1443376   0.0000000), wk =   0.0833333
        k(    9) = (   0.0833333   0.2405626   0.0000000), wk =   0.1666667
        k(   10) = (   0.0833333   0.3367877   0.0000000), wk =   0.1666667
        k(   11) = (   0.0833333   0.4330127   0.0000000), wk =   0.1666667
        k(   12) = (   0.0833333   0.5292377   0.0000000), wk =   0.1666667
        k(   13) = (   0.1666667   0.2886751   0.0000000), wk =   0.0833333
        k(   14) = (   0.1666667   0.3849002   0.0000000), wk =   0.1666667
        k(   15) = (   0.1666667   0.4811252   0.0000000), wk =   0.1666667
        k(   16) = (   0.1666667   0.5773503   0.0000000), wk =   0.0833333
        k(   17) = (   0.2500000   0.4330127   0.0000000), wk =   0.0833333
        k(   18) = (   0.2500000   0.5292377   0.0000000), wk =   0.1666667
        k(   19) = (   0.3333333   0.5773503   0.0000000), wk =   0.0277778

     PseudoPot. # 1 for Mo read from file:
     /home/theory/phrrpq/sg15_oncv_upf_2020-02-06/Mo_ONCV_PBE-1.2.upf
     MD5 check sum: 2665c9f4159700498d9a5f7573bd8e9f
     Pseudo is Norm-conserving, Zval = 14.0
     Generated using ONCVPSP code by D. R. Hamann
     Using radial grid of  602 points,  6 beta functions with: 
                l(1) =   0
                l(2) =   0
                l(3) =   1
                l(4) =   1
                l(5) =   2
                l(6) =   2

     PseudoPot. # 2 for S  read from file:
     /home/theory/phrrpq/sg15_oncv_upf_2020-02-06/S_ONCV_PBE-1.2.upf
     MD5 check sum: f9d020296ee6110346977bfd66d424f6
     Pseudo is Norm-conserving, Zval =  6.0
     Generated using ONCVPSP code by D. R. Hamann
     Using radial grid of  602 points,  4 beta functions with: 
                l(1) =   0
                l(2) =   0
                l(3) =   1
                l(4) =   1

     Mode symmetry, D_3h (-62m) point group:


     Electric field:
     Dielectric constant
     Born effective charges as d Force / d E
     Raman tensor
     Electro-optic tensor


     Atomic displacements:
     There are    6 irreducible representations

     Representation     1      1 modes -  To be done

     Representation     2      2 modes -  To be done

     Representation     3      2 modes -  To be done

     Representation     4      1 modes -  To be done

     Representation     5      1 modes -  To be done

     Representation     6      2 modes -  To be done



     Alpha used in Ewald sum =   2.8000
     PHONON       :      0.40s CPU      0.60s WALL


     Electric Fields Calculation

      iter #   1 total cpu time :     7.4 secs   av.it.:  10.7
      thresh= 1.000E-02 alpha_mix =  0.400 |ddv_scf|^2 =  8.368E-04

      iter #   2 total cpu time :     9.7 secs   av.it.:  12.0
      thresh= 2.893E-03 alpha_mix =  0.400 |ddv_scf|^2 =  9.633E-03

      iter #   3 total cpu time :    11.3 secs   av.it.:   6.4
      thresh= 9.815E-03 alpha_mix =  0.400 |ddv_scf|^2 =  4.124E-06

      iter #   4 total cpu time :    13.8 secs   av.it.:  13.3
      thresh= 2.031E-04 alpha_mix =  0.400 |ddv_scf|^2 =  4.607E-08

      iter #   5 total cpu time :    16.5 secs   av.it.:  15.1
      thresh= 2.146E-05 alpha_mix =  0.400 |ddv_scf|^2 =  3.795E-11

      iter #   6 total cpu time :    19.7 secs   av.it.:  18.2
      thresh= 6.160E-07 alpha_mix =  0.400 |ddv_scf|^2 =  2.182E-10

      iter #   7 total cpu time :    22.5 secs   av.it.:  15.3
      thresh= 1.477E-06 alpha_mix =  0.400 |ddv_scf|^2 =  2.280E-12

      iter #   8 total cpu time :    25.4 secs   av.it.:  16.3
      thresh= 1.510E-07 alpha_mix =  0.400 |ddv_scf|^2 =  2.906E-14

      iter #   9 total cpu time :    28.6 secs   av.it.:  18.4
      thresh= 1.705E-08 alpha_mix =  0.400 |ddv_scf|^2 =  1.792E-15

      iter #  10 total cpu time :    31.8 secs   av.it.:  18.3
      thresh= 4.233E-09 alpha_mix =  0.400 |ddv_scf|^2 =  4.736E-16

     End of electric fields calculation

          Dielectric constant in cartesian axis 

          (       5.552732907      -0.000000000       0.000000000 )
          (      -0.000000000       5.552732907       0.000000000 )
          (       0.000000000       0.000000000       1.268638179 )

          Effective charges (d Force / dE) in cartesian axis

           atom      1   Mo 
      Ex  (       -1.08816       -0.00000        0.00000 )
      Ey  (       -0.00000       -1.08816        0.00000 )
      Ez  (       -0.00000        0.00000       -0.07797 )
           atom      2   S  
      Ex  (        0.54628        0.00000        0.00000 )
      Ey  (        0.00000        0.54628        0.00000 )
      Ez  (        0.00000        0.00000        0.04081 )
           atom      3   S  
      Ex  (        0.54628       -0.00000        0.00000 )
      Ey  (       -0.00000        0.54628       -0.00000 )
      Ez  (       -0.00000       -0.00000        0.04081 )

     Calling punch_plot_e
     Writing on file  x0.000y0.000s1.000.drho                                                                                                                                                                                                                                         

     Computing Pc [DH,Drho] |psi> 

     Subspace diagonalization in iterative solution of the eigenvalue problem:
     one sub-group per band group will be used
     scalapack distributed-memory algorithm (size of sub-group:  3*  3 procs)


     Derivative coefficient:  0.001000    Threshold: 1.00E-12
     Non-scf  u_k: avg # of iterations = 19.4
     Non-scf Du_k: avg # of iterations = 43.5

          Dielectric constant from finite-differences

          (       5.552461041       0.000000000       0.000000000 )
          (       0.000000000       5.552461041      -0.000000000 )
          (       0.000000000      -0.000000000       1.268402728 )

              Electro-optic tensor is defined as 
            the derivative of the dielectric tensor 
              with respect to one electric field 
                 units are Rydberg a.u. 

            to obtain the static chi^2 multiply by 1/2  

            to convert to pm/Volt multiply per 2.7502  


          Electro-optic tensor in cartesian axis: 

          (      -0.000000000       5.161711740       0.000000000 )
          (       5.161711740      -0.000000000       0.000000000 )
          (       0.000000000       0.000000000       0.000000000 )

          (       5.161711740      -0.000000000       0.000000000 )
          (      -0.000000000      -5.161711740       0.000000000 )
          (       0.000000000      -0.000000000       0.000000000 )

          (       0.000000000       0.000000000       0.000000000 )
          (       0.000000000      -0.000000000       0.000000000 )
          (       0.000000000       0.000000000       0.000000000 )


          Electro-optic tensor: contribution #   1

          (      -0.000000000       4.933654409       0.000000000 )
          (       4.933654409      -0.000000000      -0.000000000 )
          (       0.000000000      -0.000000000       0.000000000 )

          (       4.933654409      -0.000000000      -0.000000000 )
          (      -0.000000000      -4.933654409      -0.000000000 )
          (      -0.000000000      -0.000000000       0.000000000 )

          (       0.000000000      -0.000000000       0.000000000 )
          (      -0.000000000      -0.000000000       0.000000000 )
          (       0.000000000       0.000000000       0.000000000 )


          Electro-optic tensor: contribution #   2

          (       0.000000000       0.228057331       0.000000000 )
          (       0.228057331      -0.000000000      -0.000000000 )
          (       0.000000000       0.000000000       0.000000000 )

          (       0.228057331       0.000000000       0.000000000 )
          (       0.000000000      -0.228057331      -0.000000000 )
          (       0.000000000       0.000000000       0.000000000 )

          (       0.000000000       0.000000000       0.000000000 )
          (       0.000000000      -0.000000000       0.000000000 )
          (       0.000000000       0.000000000       0.000000000 )


     Computing Second order response 


      iter #   1   av.it.:  14.3
      thresh= 1.000E-02 alpha_mix =  0.400 |ddv_scf|^2 =  1.995E-04


      iter #   2   av.it.:  16.1
      thresh= 1.412E-03 alpha_mix =  0.400 |ddv_scf|^2 =  5.313E-04


      iter #   3   av.it.:  13.5
      thresh= 2.305E-03 alpha_mix =  0.400 |ddv_scf|^2 =  8.342E-06


      iter #   4   av.it.:  16.6
      thresh= 2.888E-04 alpha_mix =  0.400 |ddv_scf|^2 =  1.071E-06


      iter #   5   av.it.:  16.2
      thresh= 1.035E-04 alpha_mix =  0.400 |ddv_scf|^2 =  7.350E-08


      iter #   6   av.it.:  16.6
      thresh= 2.711E-05 alpha_mix =  0.400 |ddv_scf|^2 =  5.068E-10


      iter #   7   av.it.:  17.9
      thresh= 2.251E-06 alpha_mix =  0.400 |ddv_scf|^2 =  5.234E-11


      iter #   8   av.it.:  17.7
      thresh= 7.235E-07 alpha_mix =  0.400 |ddv_scf|^2 =  3.016E-12


      iter #   9   av.it.:  17.2
      thresh= 1.737E-07 alpha_mix =  0.400 |ddv_scf|^2 =  1.325E-12


      iter #  10   av.it.:  17.1
      thresh= 1.151E-07 alpha_mix =  0.400 |ddv_scf|^2 =  1.726E-13


      iter #  11   av.it.:  18.6
      thresh= 4.154E-08 alpha_mix =  0.400 |ddv_scf|^2 =  5.783E-14


      iter #  12   av.it.:  16.7
      thresh= 2.405E-08 alpha_mix =  0.400 |ddv_scf|^2 =  1.967E-15


      iter #  13   av.it.:  18.6
      thresh= 4.435E-09 alpha_mix =  0.400 |ddv_scf|^2 =  4.381E-16

          Raman tensor (au^-1) in cartesian axis 

           atom      1
          (      -0.000000000       0.701432231      -0.000000000 )
          (       0.701432231      -0.000000000      -0.000000000 )
          (      -0.000000000      -0.000000000       0.000000000 )

          (       0.701432231      -0.000000000      -0.000000000 )
          (      -0.000000000      -0.701432231      -0.000000000 )
          (      -0.000000000      -0.000000000       0.000000000 )

          (       0.000000000       0.000000000       0.000000000 )
          (       0.000000000       0.000000000       0.000000000 )
          (       0.000000000       0.000000000       0.000000000 )

           atom      2
          (      -0.000000000      -0.347401684       0.000525716 )
          (      -0.347401684       0.000000000       0.000000000 )
          (       0.000525716       0.000000000       0.000000000 )

          (      -0.347401684      -0.000000000      -0.000000000 )
          (      -0.000000000       0.347401684       0.000525716 )
          (      -0.000000000       0.000525716       0.000000000 )

          (       0.255162533      -0.000000000       0.000000000 )
          (      -0.000000000       0.255162533       0.000000000 )
          (       0.000000000       0.000000000       0.025804031 )

           atom      3
          (      -0.000000000      -0.347401684      -0.000525716 )
          (      -0.347401684       0.000000000       0.000000000 )
          (      -0.000525716       0.000000000       0.000000000 )

          (      -0.347401684       0.000000000       0.000000000 )
          (       0.000000000       0.347401684      -0.000525716 )
          (       0.000000000      -0.000525716      -0.000000000 )

          (      -0.255162533       0.000000000       0.000000000 )
          (       0.000000000      -0.255162533       0.000000000 )
          (       0.000000000       0.000000000      -0.025804031 )


     Raman tensor (A^2)

     atom #    1    pol.  1
     -0.374618506321E-14      0.177511289794E+02     -0.297372597068E-21
      0.177511289794E+02     -0.466109475544E-14     -0.858440744833E-21
     -0.297372597068E-21     -0.858440744833E-21      0.000000000000E+00
     atom #    1    pol.  2
      0.177511289794E+02     -0.195824628703E-14     -0.858440744833E-21
     -0.195824628703E-14     -0.177511289794E+02     -0.396496796090E-21
     -0.858440744833E-21     -0.396496796090E-21      0.000000000000E+00
     atom #    1    pol.  3
      0.118949038827E-20      0.686752595866E-21      0.000000000000E+00
      0.686752595866E-21      0.198248398045E-21      0.000000000000E+00
      0.000000000000E+00      0.000000000000E+00      0.000000000000E+00
     atom #    2    pol.  1
     -0.468273132902E-15     -0.879168625576E+01      0.133042706496E-01
     -0.879168625576E+01      0.239228067209E-17      0.163062218800E-16
      0.133042706496E-01      0.163062218800E-16      0.000000000000E+00
     atom #    2    pol.  2
     -0.879168625576E+01     -0.741842878269E-15     -0.580914599164E-17
     -0.741842878269E-15      0.879168625576E+01      0.133042706496E-01
     -0.443725204759E-17      0.133042706496E-01      0.000000000000E+00
     atom #    2    pol.  3
      0.645739222037E+01     -0.707712237646E-16      0.000000000000E+00
     -0.707712237646E-16      0.645739222037E+01      0.299696629269E-16
      0.000000000000E+00      0.299696629269E-16      0.653021993166E+00
     atom #    3    pol.  1
     -0.468273132902E-15     -0.879168625576E+01     -0.133042706496E-01
     -0.879168625576E+01      0.281203107808E-14      0.179911267212E-16
     -0.133042706496E-01      0.193630206653E-16      0.000000000000E+00
     atom #    3    pol.  2
     -0.879168625576E+01      0.228512223645E-14      0.417058588932E-16
      0.228512223645E-14      0.879168625576E+01     -0.133042706496E-01
      0.432899855690E-16     -0.133042706496E-01     -0.117068995808E-18
     atom #    3    pol.  3
     -0.645739222037E+01      0.707712237646E-16      0.000000000000E+00
      0.707712237646E-16     -0.645739222037E+01      0.299696629269E-16
      0.000000000000E+00      0.299696629269E-16     -0.653021993166E+00


     Representation #   1 mode #   1

     Self-consistent Calculation

      iter #   1 total cpu time :   191.0 secs   av.it.:   9.4
      thresh= 1.000E-02 alpha_mix =  0.400 |ddv_scf|^2 =  3.416E-05

      iter #   2 total cpu time :   192.0 secs   av.it.:  14.6
      thresh= 5.844E-04 alpha_mix =  0.400 |ddv_scf|^2 =  6.113E-05

      iter #   3 total cpu time :   193.0 secs   av.it.:  14.0
      thresh= 7.819E-04 alpha_mix =  0.400 |ddv_scf|^2 =  1.368E-06

      iter #   4 total cpu time :   193.9 secs   av.it.:  13.9
      thresh= 1.170E-04 alpha_mix =  0.400 |ddv_scf|^2 =  8.613E-10

      iter #   5 total cpu time :   195.0 secs   av.it.:  14.6
      thresh= 2.935E-06 alpha_mix =  0.400 |ddv_scf|^2 =  6.658E-11

      iter #   6 total cpu time :   196.0 secs   av.it.:  15.2
      thresh= 8.160E-07 alpha_mix =  0.400 |ddv_scf|^2 =  3.307E-12

      iter #   7 total cpu time :   197.1 secs   av.it.:  15.8
      thresh= 1.818E-07 alpha_mix =  0.400 |ddv_scf|^2 =  3.953E-14

      iter #   8 total cpu time :   198.1 secs   av.it.:  15.8
      thresh= 1.988E-08 alpha_mix =  0.400 |ddv_scf|^2 =  4.566E-15

      iter #   9 total cpu time :   199.2 secs   av.it.:  16.1
      thresh= 6.757E-09 alpha_mix =  0.400 |ddv_scf|^2 =  3.685E-16

     End of self-consistent calculation

     Convergence has been achieved 


     Representation #   2 modes #   2   3

     Self-consistent Calculation

      iter #   1 total cpu time :   200.6 secs   av.it.:   8.7
      thresh= 1.000E-02 alpha_mix =  0.400 |ddv_scf|^2 =  6.742E-09

      iter #   2 total cpu time :   202.9 secs   av.it.:  18.6
      thresh= 8.211E-06 alpha_mix =  0.400 |ddv_scf|^2 =  4.541E-10

      iter #   3 total cpu time :   205.2 secs   av.it.:  19.4
      thresh= 2.131E-06 alpha_mix =  0.400 |ddv_scf|^2 =  3.069E-12

      iter #   4 total cpu time :   207.6 secs   av.it.:  19.7
      thresh= 1.752E-07 alpha_mix =  0.400 |ddv_scf|^2 =  2.841E-13

      iter #   5 total cpu time :   209.9 secs   av.it.:  19.5
      thresh= 5.330E-08 alpha_mix =  0.400 |ddv_scf|^2 =  4.297E-15

      iter #   6 total cpu time :   212.3 secs   av.it.:  19.6
      thresh= 6.555E-09 alpha_mix =  0.400 |ddv_scf|^2 =  3.956E-16

     End of self-consistent calculation

     Convergence has been achieved 


     Representation #   3 modes #   4   5

     Self-consistent Calculation

      iter #   1 total cpu time :   213.9 secs   av.it.:  10.2
      thresh= 1.000E-02 alpha_mix =  0.400 |ddv_scf|^2 =  1.191E-07

      iter #   2 total cpu time :   216.1 secs   av.it.:  17.9
      thresh= 3.450E-05 alpha_mix =  0.400 |ddv_scf|^2 =  7.555E-09

      iter #   3 total cpu time :   218.3 secs   av.it.:  18.7
      thresh= 8.692E-06 alpha_mix =  0.400 |ddv_scf|^2 =  2.814E-11

      iter #   4 total cpu time :   220.7 secs   av.it.:  19.6
      thresh= 5.305E-07 alpha_mix =  0.400 |ddv_scf|^2 =  1.401E-12

      iter #   5 total cpu time :   223.1 secs   av.it.:  19.8
      thresh= 1.184E-07 alpha_mix =  0.400 |ddv_scf|^2 =  2.184E-14

      iter #   6 total cpu time :   225.5 secs   av.it.:  19.5
      thresh= 1.478E-08 alpha_mix =  0.400 |ddv_scf|^2 =  3.355E-15

      iter #   7 total cpu time :   227.9 secs   av.it.:  20.1
      thresh= 5.792E-09 alpha_mix =  0.400 |ddv_scf|^2 =  4.231E-17

     End of self-consistent calculation

     Convergence has been achieved 


     Representation #   4 mode #   6

     Self-consistent Calculation

      iter #   1 total cpu time :   228.8 secs   av.it.:  11.3
      thresh= 1.000E-02 alpha_mix =  0.400 |ddv_scf|^2 =  1.894E-03

      iter #   2 total cpu time :   229.8 secs   av.it.:  13.8
      thresh= 4.352E-03 alpha_mix =  0.400 |ddv_scf|^2 =  2.406E-02

      iter #   3 total cpu time :   230.7 secs   av.it.:  12.7
      thresh= 1.000E-02 alpha_mix =  0.400 |ddv_scf|^2 =  7.770E-06

      iter #   4 total cpu time :   231.7 secs   av.it.:  13.1
      thresh= 2.787E-04 alpha_mix =  0.400 |ddv_scf|^2 =  6.336E-08

      iter #   5 total cpu time :   232.7 secs   av.it.:  14.3
      thresh= 2.517E-05 alpha_mix =  0.400 |ddv_scf|^2 =  5.564E-11

      iter #   6 total cpu time :   233.8 secs   av.it.:  16.8
      thresh= 7.459E-07 alpha_mix =  0.400 |ddv_scf|^2 =  6.731E-10

      iter #   7 total cpu time :   234.8 secs   av.it.:  13.8
      thresh= 2.594E-06 alpha_mix =  0.400 |ddv_scf|^2 =  6.769E-12

      iter #   8 total cpu time :   235.8 secs   av.it.:  14.1
      thresh= 2.602E-07 alpha_mix =  0.400 |ddv_scf|^2 =  1.622E-12

      iter #   9 total cpu time :   236.8 secs   av.it.:  14.4
      thresh= 1.274E-07 alpha_mix =  0.400 |ddv_scf|^2 =  1.125E-15

      iter #  10 total cpu time :   237.8 secs   av.it.:  16.2
      thresh= 3.355E-09 alpha_mix =  0.400 |ddv_scf|^2 =  3.803E-17

     End of self-consistent calculation

     Convergence has been achieved 


     Representation #   5 mode #   7

     Self-consistent Calculation

      iter #   1 total cpu time :   238.7 secs   av.it.:   9.4
      thresh= 1.000E-02 alpha_mix =  0.400 |ddv_scf|^2 =  2.724E-04

      iter #   2 total cpu time :   239.6 secs   av.it.:  13.6
      thresh= 1.650E-03 alpha_mix =  0.400 |ddv_scf|^2 =  2.939E-03

      iter #   3 total cpu time :   240.5 secs   av.it.:  12.0
      thresh= 5.421E-03 alpha_mix =  0.400 |ddv_scf|^2 =  6.105E-06

      iter #   4 total cpu time :   241.4 secs   av.it.:  12.2
      thresh= 2.471E-04 alpha_mix =  0.400 |ddv_scf|^2 =  4.445E-11

      iter #   5 total cpu time :   242.5 secs   av.it.:  16.2
      thresh= 6.667E-07 alpha_mix =  0.400 |ddv_scf|^2 =  1.607E-10

      iter #   6 total cpu time :   243.5 secs   av.it.:  14.4
      thresh= 1.268E-06 alpha_mix =  0.400 |ddv_scf|^2 =  1.041E-11

      iter #   7 total cpu time :   244.5 secs   av.it.:  14.5
      thresh= 3.227E-07 alpha_mix =  0.400 |ddv_scf|^2 =  5.226E-13

      iter #   8 total cpu time :   245.5 secs   av.it.:  14.7
      thresh= 7.229E-08 alpha_mix =  0.400 |ddv_scf|^2 =  1.241E-14

      iter #   9 total cpu time :   246.5 secs   av.it.:  14.6
      thresh= 1.114E-08 alpha_mix =  0.400 |ddv_scf|^2 =  1.367E-14

      iter #  10 total cpu time :   247.5 secs   av.it.:  13.2
      thresh= 1.169E-08 alpha_mix =  0.400 |ddv_scf|^2 =  1.873E-16

     End of self-consistent calculation

     Convergence has been achieved 


     Representation #   6 modes #   8   9

     Self-consistent Calculation

      iter #   1 total cpu time :   248.9 secs   av.it.:   8.4
      thresh= 1.000E-02 alpha_mix =  0.400 |ddv_scf|^2 =  5.489E-09

      iter #   2 total cpu time :   251.1 secs   av.it.:  17.9
      thresh= 7.409E-06 alpha_mix =  0.400 |ddv_scf|^2 =  4.485E-10

      iter #   3 total cpu time :   253.4 secs   av.it.:  18.9
      thresh= 2.118E-06 alpha_mix =  0.400 |ddv_scf|^2 =  2.185E-12

      iter #   4 total cpu time :   255.7 secs   av.it.:  19.2
      thresh= 1.478E-07 alpha_mix =  0.400 |ddv_scf|^2 =  1.843E-14

      iter #   5 total cpu time :   257.9 secs   av.it.:  18.5
      thresh= 1.357E-08 alpha_mix =  0.400 |ddv_scf|^2 =  2.930E-15

      iter #   6 total cpu time :   260.3 secs   av.it.:  19.6
      thresh= 5.413E-09 alpha_mix =  0.400 |ddv_scf|^2 =  4.524E-17

     End of self-consistent calculation

     Convergence has been achieved 
 
     Number of q in the star =    1
     List of q in the star:
          1   0.000000000   0.000000000   0.000000000

          Dielectric constant in cartesian axis 

          (       5.552461041       0.000000000       0.000000000 )
          (       0.000000000       5.552461041      -0.000000000 )
          (       0.000000000      -0.000000000       1.268402728 )

          Effective charges (d Force / dE) in cartesian axis

           atom      1   Mo 
      Ex  (       -1.08816       -0.00000        0.00000 )
      Ey  (       -0.00000       -1.08816        0.00000 )
      Ez  (       -0.00000        0.00000       -0.07797 )
           atom      2   S  
      Ex  (        0.54628        0.00000        0.00000 )
      Ey  (        0.00000        0.54628        0.00000 )
      Ez  (        0.00000        0.00000        0.04081 )
           atom      3   S  
      Ex  (        0.54628       -0.00000        0.00000 )
      Ey  (       -0.00000        0.54628       -0.00000 )
      Ez  (       -0.00000       -0.00000        0.04081 )

     Diagonalizing the dynamical matrix

     q = (    0.000000000   0.000000000   0.000000000 ) 

 **************************************************************************
     freq (    1) =      -0.150098 [THz] =      -5.006740 [cm-1]
     freq (    2) =       0.198410 [THz] =       6.618234 [cm-1]
     freq (    3) =       0.198410 [THz] =       6.618234 [cm-1]
     freq (    4) =       8.227145 [THz] =     274.428022 [cm-1]
     freq (    5) =       8.227145 [THz] =     274.428022 [cm-1]
     freq (    6) =      11.116926 [THz] =     370.820729 [cm-1]
     freq (    7) =      11.116926 [THz] =     370.820729 [cm-1]
     freq (    8) =      11.760717 [THz] =     392.295302 [cm-1]
     freq (    9) =      13.594974 [THz] =     453.479507 [cm-1]
 **************************************************************************

     Mode symmetry, D_3h (-62m) point group:

     freq (   1-   1) =         -5.0  [cm-1]   --> A''2            I  
     freq (   2-   3) =          6.6  [cm-1]   --> E'              I+R
     freq (   4-   5) =        274.4  [cm-1]   --> E''             R  
     freq (   6-   7) =        370.8  [cm-1]   --> E'              I+R
     freq (   8-   8) =        392.3  [cm-1]   --> A'_1            R  
     freq (   9-   9) =        453.5  [cm-1]   --> A''2            I  
 
     PHONON       :   4m 7.89s CPU   4m20.55s WALL

     INITIALIZATION: 
     phq_setup    :      0.00s CPU      0.01s WALL (       1 calls)
     phq_init     :      0.23s CPU      0.25s WALL (       1 calls)
 
     phq_init     :      0.23s CPU      0.25s WALL (       1 calls)
     init_vloc    :      0.07s CPU      0.07s WALL (       1 calls)
     init_us_1    :      0.01s CPU      0.01s WALL (       1 calls)
 
     DIELECTRIC CONSTANT AND EFFECTIVE CHARGES:
     solve_e      :     29.75s CPU     31.27s WALL (       1 calls)
     dielec       :      0.00s CPU      0.01s WALL (       1 calls)
     zstar_eu     :      0.43s CPU      0.45s WALL (       1 calls)
 
     RAMAN COEFFICIENTS, THIRD-ORDER CHI:
     dhdrhopsi    :     72.46s CPU     75.20s WALL (       1 calls)
     el_opt       :      0.02s CPU      0.03s WALL (       1 calls)
     dvpsi_e2     :      1.40s CPU      1.49s WALL (       1 calls)
     solve_e2     :     74.16s CPU     78.30s WALL (       1 calls)
 
     DYNAMICAL MATRIX:
     dynmat0      :      0.05s CPU      0.05s WALL (       1 calls)
     phqscf       :     67.06s CPU     70.30s WALL (       1 calls)
     dynmatrix    :      0.01s CPU      0.03s WALL (       1 calls)
 
     phqscf       :     67.06s CPU     70.30s WALL (       1 calls)
     solve_linter :     66.97s CPU     70.06s WALL (       6 calls)
     drhodv       :      0.09s CPU      0.10s WALL (       6 calls)
 
     dynmat0      :      0.05s CPU      0.05s WALL (       1 calls)
     dynmat_us    :      0.04s CPU      0.05s WALL (       1 calls)
     d2ionq       :      0.00s CPU      0.01s WALL (       1 calls)
 
     dynmat_us    :      0.04s CPU      0.05s WALL (       1 calls)
 
     phqscf       :     67.06s CPU     70.30s WALL (       1 calls)
     solve_linter :     66.97s CPU     70.06s WALL (       6 calls)
 
     solve_linter :     66.97s CPU     70.06s WALL (       6 calls)
     dvqpsi_us    :      2.45s CPU      2.52s WALL (    1026 calls)
     ortho        :      0.21s CPU      0.22s WALL (    2242 calls)
     cgsolve      :    200.93s CPU    207.82s WALL (    4066 calls)
     incdrhoscf   :      6.82s CPU      7.22s WALL (    3325 calls)
     vpsifft      :      2.22s CPU      2.38s WALL (    1102 calls)
     dv_of_drho   :      0.30s CPU      0.32s WALL (     184 calls)
     mix_pot      :      0.77s CPU      0.84s WALL (      71 calls)
     psymdvscf    :      9.64s CPU      9.74s WALL (      48 calls)
 
     dvqpsi_us    :      2.45s CPU      2.52s WALL (    1026 calls)
     dvqpsi_us_on :      0.24s CPU      0.25s WALL (    1026 calls)
 
     cgsolve      :    200.93s CPU    207.82s WALL (    4066 calls)
     ch_psi       :    195.17s CPU    201.84s WALL (  117303 calls)
 
     ch_psi       :    195.17s CPU    201.84s WALL (  117303 calls)
     h_psi        :    183.15s CPU    189.56s WALL (  144466 calls)
     last         :     14.33s CPU     14.84s WALL (  117303 calls)
 
     h_psi        :    183.15s CPU    189.56s WALL (  144466 calls)
     add_vuspsi   :      4.70s CPU      4.88s WALL (  144466 calls)
 
     incdrhoscf   :      6.82s CPU      7.22s WALL (    3325 calls)
 
 
      General routines
     calbec       :     13.75s CPU     14.27s WALL (  292265 calls)
     fft          :      0.44s CPU      0.49s WALL (     922 calls)
     ffts         :      0.19s CPU      0.20s WALL (    1446 calls)
     fftw         :    163.29s CPU    169.30s WALL ( 2448149 calls)
     davcio       :      0.59s CPU      0.92s WALL (   13941 calls)
     write_rec    :      0.02s CPU      2.35s WALL (      77 calls)
 
 
     PHONON       :   4m 7.89s CPU   4m20.55s WALL

 
   This run was terminated on:  17: 1: 3  27Sep2025            

=------------------------------------------------------------------------------=
   JOB DONE.
=------------------------------------------------------------------------------=
